
 Start         Length     Name                   Class
 0001:00401000 0000D7ED4H _TEXT                  CODE
 0002:004D9000 000096548H _DATA                  DATA
 0003:0056F548 000009170H _BSS                   BSS
 0004:00000000 00000009CH _TLS                   TLS


Detailed map of segments
 0001:00000000 0000014F C=CODE    S=_TEXT    G=(none)   M=C:\BCC55\LIB\C0W32.OBJ ACBP=A9
 0001:00000150 00000190 C=CODE    S=_TEXT    G=(none)   M=C:\PRG\WSISCOM\AGENDA\AGENDA.OBJ ACBP=A9
 0001:000002E0 000000D8 C=CODE    S=_TEXT    G=(none)   M=C:\FWH612\LIB\FIVEHX.LIB|activex ACBP=A9
 0001:000003B8 00000074 C=CODE    S=_TEXT    G=(none)   M=C:\FWH612\LIB\FIVEHX.LIB|alert ACBP=A9
 0001:0000042C 000001F4 C=CODE    S=_TEXT    G=(none)   M=C:\FWH612\LIB\FIVEHX.LIB|bar ACBP=A9
 0001:00000620 00000294 C=CODE    S=_TEXT    G=(none)   M=C:\FWH612\LIB\FIVEHX.LIB|bitmap ACBP=A9
 0001:000008B4 0000009C C=CODE    S=_TEXT    G=(none)   M=C:\FWH612\LIB\FIVEHX.LIB|brush ACBP=A9
 0001:00000950 000001CC C=CODE    S=_TEXT    G=(none)   M=C:\FWH612\LIB\FIVEHX.LIB|btnbmp ACBP=A9
 0001:00000B1C 00000100 C=CODE    S=_TEXT    G=(none)   M=C:\FWH612\LIB\FIVEHX.LIB|button ACBP=A9
 0001:00000C1C 000000D8 C=CODE    S=_TEXT    G=(none)   M=C:\FWH612\LIB\FIVEHX.LIB|clipbrd ACBP=A9
 0001:00000CF4 0000021C C=CODE    S=_TEXT    G=(none)   M=C:\FWH612\LIB\FIVEHX.LIB|combobox ACBP=A9
 0001:00000F10 00000334 C=CODE    S=_TEXT    G=(none)   M=C:\FWH612\LIB\FIVEHX.LIB|control ACBP=A9
 0001:00001244 00000088 C=CODE    S=_TEXT    G=(none)   M=C:\FWH612\LIB\FIVEHX.LIB|cursor ACBP=A9
 0001:000012CC 000000C4 C=CODE    S=_TEXT    G=(none)   M=C:\FWH612\LIB\FIVEHX.LIB|dde ACBP=A9
 0001:00001390 00000258 C=CODE    S=_TEXT    G=(none)   M=C:\FWH612\LIB\FIVEHX.LIB|dialog ACBP=A9
 0001:000015E8 0000009C C=CODE    S=_TEXT    G=(none)   M=C:\FWH612\LIB\FIVEHX.LIB|dlgfind ACBP=A9
 0001:00001684 000000C4 C=CODE    S=_TEXT    G=(none)   M=C:\FWH612\LIB\FIVEHX.LIB|errsysw ACBP=A9
 0001:00001748 00000204 C=CODE    S=_TEXT    G=(none)   M=C:\FWH612\LIB\FIVEHX.LIB|filename ACBP=A9
 0001:0000194C 000000D8 C=CODE    S=_TEXT    G=(none)   M=C:\FWH612\LIB\FIVEHX.LIB|font ACBP=A9
 0001:00001A24 00000060 C=CODE    S=_TEXT    G=(none)   M=C:\FWH612\LIB\FIVEHX.LIB|fwerror ACBP=A9
 0001:00001A84 000000EC C=CODE    S=_TEXT    G=(none)   M=C:\FWH612\LIB\FIVEHX.LIB|getsysin ACBP=A9
 0001:00001B70 0000009C C=CODE    S=_TEXT    G=(none)   M=C:\FWH612\LIB\FIVEHX.LIB|gettasks ACBP=A9
 0001:00001C0C 00000254 C=CODE    S=_TEXT    G=(none)   M=C:\FWH612\LIB\FIVEHX.LIB|harbour ACBP=A9
 0001:00001E60 00000100 C=CODE    S=_TEXT    G=(none)   M=C:\FWH612\LIB\FIVEHX.LIB|help32 ACBP=A9
 0001:00001F60 00000100 C=CODE    S=_TEXT    G=(none)   M=C:\FWH612\LIB\FIVEHX.LIB|icon ACBP=A9
 0001:00002060 000000C4 C=CODE    S=_TEXT    G=(none)   M=C:\FWH612\LIB\FIVEHX.LIB|ini ACBP=A9
 0001:00002124 00000208 C=CODE    S=_TEXT    G=(none)   M=C:\FWH612\LIB\FIVEHX.LIB|listbox ACBP=A9
 0001:0000232C 00000104 C=CODE    S=_TEXT    G=(none)   M=C:\FWH612\LIB\FIVEHX.LIB|mdichild ACBP=A9
 0001:00002430 00000100 C=CODE    S=_TEXT    G=(none)   M=C:\FWH612\LIB\FIVEHX.LIB|mdiclien ACBP=A9
 0001:00002530 000000EC C=CODE    S=_TEXT    G=(none)   M=C:\FWH612\LIB\FIVEHX.LIB|mdiframe ACBP=A9
 0001:0000261C 00000258 C=CODE    S=_TEXT    G=(none)   M=C:\FWH612\LIB\FIVEHX.LIB|menu ACBP=A9
 0001:00002874 00000128 C=CODE    S=_TEXT    G=(none)   M=C:\FWH612\LIB\FIVEHX.LIB|menuitem ACBP=A9
 0001:0000299C 000002A8 C=CODE    S=_TEXT    G=(none)   M=C:\FWH612\LIB\FIVEHX.LIB|mget ACBP=A9
 0001:00002C44 000001F4 C=CODE    S=_TEXT    G=(none)   M=C:\FWH612\LIB\FIVEHX.LIB|msgbar ACBP=A9
 0001:00002E38 00000088 C=CODE    S=_TEXT    G=(none)   M=C:\FWH612\LIB\FIVEHX.LIB|msgrun ACBP=A9
 0001:00002EC0 000000B0 C=CODE    S=_TEXT    G=(none)   M=C:\FWH612\LIB\FIVEHX.LIB|pdmenu ACBP=A9
 0001:00002F70 0000009C C=CODE    S=_TEXT    G=(none)   M=C:\FWH612\LIB\FIVEHX.LIB|pdreport ACBP=A9
 0001:0000300C 00000074 C=CODE    S=_TEXT    G=(none)   M=C:\FWH612\LIB\FIVEHX.LIB|pen ACBP=A9
 0001:00003080 00000280 C=CODE    S=_TEXT    G=(none)   M=C:\FWH612\LIB\FIVEHX.LIB|printer ACBP=A9
 0001:00003300 00000114 C=CODE    S=_TEXT    G=(none)   M=C:\FWH612\LIB\FIVEHX.LIB|radio ACBP=A9
 0001:00003414 00000100 C=CODE    S=_TEXT    G=(none)   M=C:\FWH612\LIB\FIVEHX.LIB|radmenu ACBP=A9
 0001:00003514 00000100 C=CODE    S=_TEXT    G=(none)   M=C:\FWH612\LIB\FIVEHX.LIB|rcolumn ACBP=A9
 0001:00003614 00000088 C=CODE    S=_TEXT    G=(none)   M=C:\FWH612\LIB\FIVEHX.LIB|rebar ACBP=A9
 0001:0000369C 00000074 C=CODE    S=_TEXT    G=(none)   M=C:\FWH612\LIB\FIVEHX.LIB|rect ACBP=A9
 0001:00003710 00000114 C=CODE    S=_TEXT    G=(none)   M=C:\FWH612\LIB\FIVEHX.LIB|reg32 ACBP=A9
 0001:00003824 00000258 C=CODE    S=_TEXT    G=(none)   M=C:\FWH612\LIB\FIVEHX.LIB|report ACBP=A9
 0001:00003A7C 0000009C C=CODE    S=_TEXT    G=(none)   M=C:\FWH612\LIB\FIVEHX.LIB|rfile ACBP=A9
 0001:00003B18 000000C4 C=CODE    S=_TEXT    G=(none)   M=C:\FWH612\LIB\FIVEHX.LIB|rgroup ACBP=A9
 0001:00003BDC 000000D8 C=CODE    S=_TEXT    G=(none)   M=C:\FWH612\LIB\FIVEHX.LIB|rline ACBP=A9
 0001:00003CB4 000001B8 C=CODE    S=_TEXT    G=(none)   M=C:\FWH612\LIB\FIVEHX.LIB|rpreview ACBP=A9
 0001:00003E6C 00000114 C=CODE    S=_TEXT    G=(none)   M=C:\FWH612\LIB\FIVEHX.LIB|say ACBP=A9
 0001:00003F80 000000D8 C=CODE    S=_TEXT    G=(none)   M=C:\FWH612\LIB\FIVEHX.LIB|scrllbar ACBP=A9
 0001:00004058 0000013C C=CODE    S=_TEXT    G=(none)   M=C:\FWH612\LIB\FIVEHX.LIB|statusba ACBP=A9
 0001:00004194 000000C4 C=CODE    S=_TEXT    G=(none)   M=C:\FWH612\LIB\FIVEHX.LIB|tacctbl ACBP=A9
 0001:00004258 00000074 C=CODE    S=_TEXT    G=(none)   M=C:\FWH612\LIB\FIVEHX.LIB|tclipget ACBP=A9
 0001:000042CC 00000384 C=CODE    S=_TEXT    G=(none)   M=C:\FWH612\LIB\FIVEHX.LIB|tget ACBP=A9
 0001:00004650 000000B0 C=CODE    S=_TEXT    G=(none)   M=C:\FWH612\LIB\FIVEHX.LIB|timaglst ACBP=A9
 0001:00004700 000000B0 C=CODE    S=_TEXT    G=(none)   M=C:\FWH612\LIB\FIVEHX.LIB|timer ACBP=A9
 0001:000047B0 0000018C C=CODE    S=_TEXT    G=(none)   M=C:\FWH612\LIB\FIVEHX.LIB|tmetafil ACBP=A9
 0001:0000493C 000000C4 C=CODE    S=_TEXT    G=(none)   M=C:\FWH612\LIB\FIVEHX.LIB|tmsgitem ACBP=A9
 0001:00004A00 00000114 C=CODE    S=_TEXT    G=(none)   M=C:\FWH612\LIB\FIVEHX.LIB|toolbar ACBP=A9
 0001:00004B14 000000D8 C=CODE    S=_TEXT    G=(none)   M=C:\FWH612\LIB\FIVEHX.LIB|tstruct ACBP=A9
 0001:00004BEC 00000074 C=CODE    S=_TEXT    G=(none)   M=C:\FWH612\LIB\FIVEHX.LIB|valblank ACBP=A9
 0001:00004C60 00000474 C=CODE    S=_TEXT    G=(none)   M=C:\FWH612\LIB\FIVEHX.LIB|wbrowse ACBP=A9
 0001:000050D4 0000080C C=CODE    S=_TEXT    G=(none)   M=C:\FWH612\LIB\FIVEHX.LIB|window ACBP=A9
 0001:000058E0 00000088 C=CODE    S=_TEXT    G=(none)   M=C:\FWH612\LIB\FIVEHX.LIB|xpad ACBP=A9
 0001:00005968 000001B7 C=CODE    S=_TEXT    G=(none)   M=C:\FWH612\LIB\FIVEHC.LIB|ACCELERA ACBP=A9
 0001:00005B20 00000071 C=CODE    S=_TEXT    G=(none)   M=C:\FWH612\LIB\FIVEHC.LIB|ATOM ACBP=A9
 0001:00005B94 00000391 C=CODE    S=_TEXT    G=(none)   M=C:\FWH612\LIB\FIVEHC.LIB|BARTOOLS ACBP=A9
 0001:00005F28 00000B0E C=CODE    S=_TEXT    G=(none)   M=C:\FWH612\LIB\FIVEHC.LIB|BMPDRAW ACBP=A9
 0001:00006A38 00000157 C=CODE    S=_TEXT    G=(none)   M=C:\FWH612\LIB\FIVEHC.LIB|BMPREAD ACBP=A9
 0001:00006B90 000004E4 C=CODE    S=_TEXT    G=(none)   M=C:\FWH612\LIB\FIVEHC.LIB|BRUSHES ACBP=A9
 0001:00007074 00000567 C=CODE    S=_TEXT    G=(none)   M=C:\FWH612\LIB\FIVEHC.LIB|CALLDLL ACBP=A9
 0001:000075DC 0000023D C=CODE    S=_TEXT    G=(none)   M=C:\FWH612\LIB\FIVEHC.LIB|CALDLL32 ACBP=A9
 0001:0000781C 000000B3 C=CODE    S=_TEXT    G=(none)   M=C:\FWH612\LIB\FIVEHC.LIB|CARET ACBP=A9
 0001:000078D0 00000068 C=CODE    S=_TEXT    G=(none)   M=C:\FWH612\LIB\FIVEHC.LIB|CHANGEPR ACBP=A9
 0001:00007938 0000015F C=CODE    S=_TEXT    G=(none)   M=C:\FWH612\LIB\FIVEHC.LIB|CLPBRD ACBP=A9
 0001:00007A98 00000136 C=CODE    S=_TEXT    G=(none)   M=C:\FWH612\LIB\FIVEHC.LIB|CLRCHOOS ACBP=A9
 0001:00007BD0 00000104 C=CODE    S=_TEXT    G=(none)   M=C:\FWH612\LIB\FIVEHC.LIB|CLT2SCR ACBP=A9
 0001:00007CD4 000000F7 C=CODE    S=_TEXT    G=(none)   M=C:\FWH612\LIB\FIVEHC.LIB|COLOR ACBP=A9
 0001:00007DCC 000002A7 C=CODE    S=_TEXT    G=(none)   M=C:\FWH612\LIB\FIVEHC.LIB|COLORTON ACBP=A9
 0001:00008074 0000002C C=CODE    S=_TEXT    G=(none)   M=C:\FWH612\LIB\FIVEHC.LIB|CREATEPA ACBP=A9
 0001:000080A0 0000002C C=CODE    S=_TEXT    G=(none)   M=C:\FWH612\LIB\FIVEHC.LIB|CREATEPE ACBP=A9
 0001:000080CC 00000061 C=CODE    S=_TEXT    G=(none)   M=C:\FWH612\LIB\FIVEHC.LIB|CREATESO ACBP=A9
 0001:00008130 00002B25 C=CODE    S=_TEXT    G=(none)   M=C:\FWH612\LIB\FIVEHC.LIB|CTLHDLEH ACBP=A9
 0001:0000AC58 0000065D C=CODE    S=_TEXT    G=(none)   M=C:\FWH612\LIB\FIVEHC.LIB|CTRLDRAW ACBP=A9
 0001:0000B2B8 000001E0 C=CODE    S=_TEXT    G=(none)   M=C:\FWH612\LIB\FIVEHC.LIB|CTRL2CHR ACBP=A9
 0001:0000B498 00000972 C=CODE    S=_TEXT    G=(none)   M=C:\FWH612\LIB\FIVEHC.LIB|CURSORS ACBP=A9
 0001:0000BE0C 000003DB C=CODE    S=_TEXT    G=(none)   M=C:\FWH612\LIB\FIVEHC.LIB|DC ACBP=A9
 0001:0000C1E8 0000007A C=CODE    S=_TEXT    G=(none)   M=C:\FWH612\LIB\FIVEHC.LIB|DDEXC ACBP=A9
 0001:0000C264 00000056 C=CODE    S=_TEXT    G=(none)   M=C:\FWH612\LIB\FIVEHC.LIB|DELOBJEC ACBP=A9
 0001:0000C2BC 00000166 C=CODE    S=_TEXT    G=(none)   M=C:\FWH612\LIB\FIVEHC.LIB|DEVICE ACBP=A9
 0001:0000C424 00000491 C=CODE    S=_TEXT    G=(none)   M=C:\FWH612\LIB\FIVEHC.LIB|DIB ACBP=A9
 0001:0000C8B8 0000029A C=CODE    S=_TEXT    G=(none)   M=C:\FWH612\LIB\FIVEHC.LIB|DIBBMP ACBP=A9
 0001:0000CB54 00000189 C=CODE    S=_TEXT    G=(none)   M=C:\FWH612\LIB\FIVEHC.LIB|DLG2CHR ACBP=A9
 0001:0000CCE0 00000034 C=CODE    S=_TEXT    G=(none)   M=C:\FWH612\LIB\FIVEHC.LIB|DLL ACBP=A9
 0001:0000CD14 000002B5 C=CODE    S=_TEXT    G=(none)   M=C:\FWH612\LIB\FIVEHC.LIB|DOTS ACBP=A9
 0001:0000CFCC 0000066A C=CODE    S=_TEXT    G=(none)   M=C:\FWH612\LIB\FIVEHC.LIB|DRAWING ACBP=A9
 0001:0000D638 00000109 C=CODE    S=_TEXT    G=(none)   M=C:\FWH612\LIB\FIVEHC.LIB|DRAWITEM ACBP=A9
 0001:0000D744 00000308 C=CODE    S=_TEXT    G=(none)   M=C:\FWH612\LIB\FIVEHC.LIB|DRIVES ACBP=A9
 0001:0000DA4C 000000D0 C=CODE    S=_TEXT    G=(none)   M=C:\FWH612\LIB\FIVEHC.LIB|DROPFILE ACBP=A9
 0001:0000DB1C 000000A5 C=CODE    S=_TEXT    G=(none)   M=C:\FWH612\LIB\FIVEHC.LIB|FINDTEXT ACBP=A9
 0001:0000DBC4 00000651 C=CODE    S=_TEXT    G=(none)   M=C:\FWH612\LIB\FIVEHC.LIB|FONTS ACBP=A9
 0001:0000E218 000002AE C=CODE    S=_TEXT    G=(none)   M=C:\FWH612\LIB\FIVEHC.LIB|FTEXT ACBP=A9
 0001:0000E4C8 00000552 C=CODE    S=_TEXT    G=(none)   M=C:\FWH612\LIB\FIVEHC.LIB|FWARRAY ACBP=A9
 0001:0000EA1C 000011CD C=CODE    S=_TEXT    G=(none)   M=C:\FWH612\LIB\FIVEHC.LIB|FWBMP ACBP=A9
 0001:0000FBEC 00000541 C=CODE    S=_TEXT    G=(none)   M=C:\FWH612\LIB\FIVEHC.LIB|FWPALCTL ACBP=A9
 0001:00010130 0000010C C=CODE    S=_TEXT    G=(none)   M=C:\FWH612\LIB\FIVEHC.LIB|FFWNDRUN ACBP=A9
 0001:0001023C 0000006C C=CODE    S=_TEXT    G=(none)   M=C:\FWH612\LIB\FIVEHC.LIB|GETDLGIT ACBP=A9
 0001:000102A8 0000049F C=CODE    S=_TEXT    G=(none)   M=C:\FWH612\LIB\FIVEHC.LIB|GETFILE ACBP=A9
 0001:00010748 000000E9 C=CODE    S=_TEXT    G=(none)   M=C:\FWH612\LIB\FIVEHC.LIB|GETPROCA ACBP=A9
 0001:00010834 0000005E C=CODE    S=_TEXT    G=(none)   M=C:\FWH612\LIB\FIVEHC.LIB|GETSTKOB ACBP=A9
 0001:00010894 00000105 C=CODE    S=_TEXT    G=(none)   M=C:\FWH612\LIB\FIVEHC.LIB|GETTEXTW ACBP=A9
 0001:0001099C 000000A8 C=CODE    S=_TEXT    G=(none)   M=C:\FWH612\LIB\FIVEHC.LIB|GETWND ACBP=A9
 0001:00010A44 000004AA C=CODE    S=_TEXT    G=(none)   M=C:\FWH612\LIB\FIVEHC.LIB|HANDLIST ACBP=A9
 0001:00010EF0 0000025C C=CODE    S=_TEXT    G=(none)   M=C:\FWH612\LIB\FIVEHC.LIB|HARBOURC ACBP=A9
 0001:0001114C 00000279 C=CODE    S=_TEXT    G=(none)   M=C:\FWH612\LIB\FIVEHC.LIB|HELP ACBP=A9
 0001:000113C8 000000B8 C=CODE    S=_TEXT    G=(none)   M=C:\FWH612\LIB\FIVEHC.LIB|HILOWORD ACBP=A9
 0001:00011480 0000053D C=CODE    S=_TEXT    G=(none)   M=C:\FWH612\LIB\FIVEHC.LIB|ICONS ACBP=A9
 0001:000119C0 000001FF C=CODE    S=_TEXT    G=(none)   M=C:\FWH612\LIB\FIVEHC.LIB|IMAGELIS ACBP=A9
 0001:00011BC0 0000011E C=CODE    S=_TEXT    G=(none)   M=C:\FWH612\LIB\FIVEHC.LIB|INSTANCE ACBP=A9
 0001:00011CE0 0000016A C=CODE    S=_TEXT    G=(none)   M=C:\FWH612\LIB\FIVEHC.LIB|KEYBRD ACBP=A9
 0001:00011E4C 0000011F C=CODE    S=_TEXT    G=(none)   M=C:\FWH612\LIB\FIVEHC.LIB|LBX ACBP=A9
 0001:00011F6C 00000055 C=CODE    S=_TEXT    G=(none)   M=C:\FWH612\LIB\FIVEHC.LIB|LOADBMP ACBP=A9
 0001:00011FC4 00000034 C=CODE    S=_TEXT    G=(none)   M=C:\FWH612\LIB\FIVEHC.LIB|MAKELONG ACBP=A9
 0001:00011FF8 000001D3 C=CODE    S=_TEXT    G=(none)   M=C:\FWH612\LIB\FIVEHC.LIB|MEM ACBP=A9
 0001:000121CC 00000709 C=CODE    S=_TEXT    G=(none)   M=C:\FWH612\LIB\FIVEHC.LIB|MENUS ACBP=A9
 0001:000128D8 00000336 C=CODE    S=_TEXT    G=(none)   M=C:\FWH612\LIB\FIVEHC.LIB|METAFILE ACBP=A9
 0001:00012C10 00000222 C=CODE    S=_TEXT    G=(none)   M=C:\FWH612\LIB\FIVEHC.LIB|METAFI32 ACBP=A9
 0001:00012E34 000000A4 C=CODE    S=_TEXT    G=(none)   M=C:\FWH612\LIB\FIVEHC.LIB|MGETCREA ACBP=A9
 0001:00012ED8 00000084 C=CODE    S=_TEXT    G=(none)   M=C:\FWH612\LIB\FIVEHC.LIB|MKDIR ACBP=A9
 0001:00012F5C 0000006A C=CODE    S=_TEXT    G=(none)   M=C:\FWH612\LIB\FIVEHC.LIB|MOVETO ACBP=A9
 0001:00012FC8 0000001F C=CODE    S=_TEXT    G=(none)   M=C:\FWH612\LIB\FIVEHC.LIB|MSGBEEP ACBP=A9
 0001:00012FE8 00000862 C=CODE    S=_TEXT    G=(none)   M=C:\FWH612\LIB\FIVEHC.LIB|MSGS ACBP=A9
 0001:0001384C 000000DB C=CODE    S=_TEXT    G=(none)   M=C:\FWH612\LIB\FIVEHC.LIB|MSGSAPI ACBP=A9
 0001:00013928 000003C4 C=CODE    S=_TEXT    G=(none)   M=C:\FWH612\LIB\FIVEHC.LIB|MSGTOOLS ACBP=A9
 0001:00013CEC 00000041 C=CODE    S=_TEXT    G=(none)   M=C:\FWH612\LIB\FIVEHC.LIB|NOTIFY ACBP=A9
 0001:00013D30 000001C3 C=CODE    S=_TEXT    G=(none)   M=C:\FWH612\LIB\FIVEHC.LIB|OEMANSI ACBP=A9
 0001:00013EF4 00000E21 C=CODE    S=_TEXT    G=(none)   M=C:\FWH612\LIB\FIVEHC.LIB|ole ACBP=A9
 0001:00014D18 000001F5 C=CODE    S=_TEXT    G=(none)   M=C:\FWH612\LIB\FIVEHC.LIB|OR ACBP=A9
 0001:00014F10 00000058 C=CODE    S=_TEXT    G=(none)   M=C:\FWH612\LIB\FIVEHC.LIB|PAINT ACBP=A9
 0001:00014F68 0000005C C=CODE    S=_TEXT    G=(none)   M=C:\FWH612\LIB\FIVEHC.LIB|PEEKMSG ACBP=A9
 0001:00014FC4 0000020D C=CODE    S=_TEXT    G=(none)   M=C:\FWH612\LIB\FIVEHC.LIB|PROFILE ACBP=A9
 0001:000151D4 000000D3 C=CODE    S=_TEXT    G=(none)   M=C:\FWH612\LIB\FIVEHC.LIB|REBARS ACBP=A9
 0001:000152A8 00000629 C=CODE    S=_TEXT    G=(none)   M=C:\FWH612\LIB\FIVEHC.LIB|RECTS ACBP=A9
 0001:000158D4 0000010D C=CODE    S=_TEXT    G=(none)   M=C:\FWH612\LIB\FIVEHC.LIB|REGCLASS ACBP=A9
 0001:000159E4 0000017C C=CODE    S=_TEXT    G=(none)   M=C:\FWH612\LIB\FIVEHC.LIB|REGEDIT ACBP=A9
 0001:00015B60 00000343 C=CODE    S=_TEXT    G=(none)   M=C:\FWH612\LIB\FIVEHC.LIB|RESCHECK ACBP=A9
 0001:00015EA4 000001AB C=CODE    S=_TEXT    G=(none)   M=C:\FWH612\LIB\FIVEHC.LIB|RESOURCE ACBP=A9
 0001:00016050 0000015A C=CODE    S=_TEXT    G=(none)   M=C:\FWH612\LIB\FIVEHC.LIB|SCROLL ACBP=A9
 0001:000161AC 00000023 C=CODE    S=_TEXT    G=(none)   M=C:\FWH612\LIB\FIVEHC.LIB|SELOBJEC ACBP=A9
 0001:000161D0 00000057 C=CODE    S=_TEXT    G=(none)   M=C:\FWH612\LIB\FIVEHC.LIB|SETMAPMO ACBP=A9
 0001:00016228 00000048 C=CODE    S=_TEXT    G=(none)   M=C:\FWH612\LIB\FIVEHC.LIB|SETTEXT ACBP=A9
 0001:00016270 00000043 C=CODE    S=_TEXT    G=(none)   M=C:\FWH612\LIB\FIVEHC.LIB|STRING ACBP=A9
 0001:000162B4 000002C2 C=CODE    S=_TEXT    G=(none)   M=C:\FWH612\LIB\FIVEHC.LIB|STRTOKEN ACBP=A9
 0001:00016578 0000014D C=CODE    S=_TEXT    G=(none)   M=C:\FWH612\LIB\FIVEHC.LIB|SYSREFRE ACBP=A9
 0001:000166C8 0000031C C=CODE    S=_TEXT    G=(none)   M=C:\FWH612\LIB\FIVEHC.LIB|TEXT ACBP=A9
 0001:000169E4 00000E86 C=CODE    S=_TEXT    G=(none)   M=C:\FWH612\LIB\FIVEHC.LIB|THEMES ACBP=A9
 0001:0001786C 00000069 C=CODE    S=_TEXT    G=(none)   M=C:\FWH612\LIB\FIVEHC.LIB|TIMERS ACBP=A9
 0001:000178D8 000003F0 C=CODE    S=_TEXT    G=(none)   M=C:\FWH612\LIB\FIVEHC.LIB|WBRWLINE ACBP=A9
 0001:00017CC8 00000078 C=CODE    S=_TEXT    G=(none)   M=C:\FWH612\LIB\FIVEHC.LIB|WINDOWS ACBP=A9
 0001:00017D40 0000024D C=CODE    S=_TEXT    G=(none)   M=C:\FWH612\LIB\FIVEHC.LIB|WINEXEC ACBP=A9
 0001:00017F90 000000AA C=CODE    S=_TEXT    G=(none)   M=C:\FWH612\LIB\FIVEHC.LIB|WMOUSE ACBP=A9
 0001:0001803C 0000055E C=CODE    S=_TEXT    G=(none)   M=C:\FWH612\LIB\FIVEHC.LIB|WNDBOXES ACBP=A9
 0001:0001859C 000001AB C=CODE    S=_TEXT    G=(none)   M=C:\FWH612\LIB\FIVEHC.LIB|WNDCENTE ACBP=A9
 0001:00018748 00000033 C=CODE    S=_TEXT    G=(none)   M=C:\FWH612\LIB\FIVEHC.LIB|WNDDESTR ACBP=A9
 0001:0001877C 0000040D C=CODE    S=_TEXT    G=(none)   M=C:\FWH612\LIB\FIVEHC.LIB|WNDIS ACBP=A9
 0001:00018B8C 0000007B C=CODE    S=_TEXT    G=(none)   M=C:\FWH612\LIB\FIVEHC.LIB|WNDISOVE ACBP=A9
 0001:00018C08 00000B41 C=CODE    S=_TEXT    G=(none)   M=C:\FWH612\LIB\FIVEHC.LIB|WNDMOVE ACBP=A9
 0001:0001974C 00000050 C=CODE    S=_TEXT    G=(none)   M=C:\FWH612\LIB\FIVEHC.LIB|WNDPOS ACBP=A9
 0001:0001979C 0000018E C=CODE    S=_TEXT    G=(none)   M=C:\FWH612\LIB\FIVEHC.LIB|WNDPRINT ACBP=A9
 0001:0001992C 0000016A C=CODE    S=_TEXT    G=(none)   M=C:\FWH612\LIB\FIVEHC.LIB|WNDROWS ACBP=A9
 0001:00019A98 0000020C C=CODE    S=_TEXT    G=(none)   M=C:\FWH612\LIB\FIVEHC.LIB|WNDRUN ACBP=A9
 0001:00019CA4 000002E2 C=CODE    S=_TEXT    G=(none)   M=C:\FWH612\LIB\FIVEHC.LIB|WNDSAY ACBP=A9
 0001:00019F88 00000240 C=CODE    S=_TEXT    G=(none)   M=C:\FWH612\LIB\FIVEHC.LIB|WNDSCROL ACBP=A9
 0001:0001A1C8 0000003B C=CODE    S=_TEXT    G=(none)   M=C:\FWH612\LIB\FIVEHC.LIB|WNDUPDAT ACBP=A9
 0001:0001A204 0000006D C=CODE    S=_TEXT    G=(none)   M=C:\FWH612\LIB\FIVEHC.LIB|XBPPPROC ACBP=A9
 0001:0001A274 0000007D C=CODE    S=_TEXT    G=(none)   M=C:\FWH612\LIB\FIVEHC.LIB|__WNDPRO ACBP=A9
 0001:0001A2F4 00001874 C=CODE    S=_TEXT    G=(none)   M=C:\FWH612\LIB\FIVEHC.LIB|ACTX ACBP=A9
 0001:0001BB68 000003BC C=CODE    S=_TEXT    G=(none)   M=C:\FWH612\LIB\FIVEHC.LIB|TOOLBARS ACBP=A9
 0001:0001BF24 00000127 C=CODE    S=_TEXT    G=(none)   M=C:\FWH612\LIB\FIVEHC.LIB|TOOLTIP ACBP=A9
 0001:0001C04C 00000378 C=CODE    S=_TEXT    G=(none)   M=C:\FWH612\LIB\FIVEHC.LIB|DLGBOX ACBP=A9
 0001:0001C3C4 00000197 C=CODE    S=_TEXT    G=(none)   M=C:\FWH612\LIB\FIVEHC.LIB|FFDLGPRC ACBP=A9
 0001:0001C55C 000000F4 C=CODE    S=_TEXT    G=(none)   M=C:\FWH612\LIB\FIVEHC.LIB|GETTEXT ACBP=A9
 0001:0001C650 000000D3 C=CODE    S=_TEXT    G=(none)   M=C:\FWH612\LIB\FIVEHC.LIB|CREATWND ACBP=A9
 0001:0001C724 0000029A C=CODE    S=_TEXT    G=(none)   M=C:\FWH612\LIB\FIVEHC.LIB|CTL3D ACBP=A9
 0001:0001C9C0 000001D5 C=CODE    S=_TEXT    G=(none)   M=C:\FWH612\LIB\FIVEHC.LIB|MDI ACBP=A9
 0001:0001CB98 00000BC3 C=CODE    S=_TEXT    G=(none)   M=C:\FWH612\LIB\FIVEHC.LIB|PRINTDC ACBP=A9
 0001:0001D75B 00000179 C=CODE    S=_TEXT    G=(none)   M=C:\XHARBOUR\LIB\HBZIP.LIB|ziparchive ACBP=A9
 0001:0001D878 000003BF C=CODE    S=_TEXT    G=(none)   M=C:\XHARBOUR\LIB\HBSIX.LIB|sxcrypt ACBP=A9
 0001:0001DC38 000000F8 C=CODE    S=_TEXT    G=(none)   M=C:\XHARBOUR\LIB\HBSIX.LIB|sxdate ACBP=A9
 0001:0001DD30 000001A8 C=CODE    S=_TEXT    G=(none)   M=C:\XHARBOUR\LIB\RTL.LIB|abs ACBP=A9
 0001:0001DED8 00000305 C=CODE    S=_TEXT    G=(none)   M=C:\XHARBOUR\LIB\RTL.LIB|at ACBP=A9
 0001:0001E1E0 00000130 C=CODE    S=_TEXT    G=(none)   M=C:\XHARBOUR\LIB\RTL.LIB|binnum ACBP=A9
 0001:0001E310 00002562 C=CODE    S=_TEXT    G=(none)   M=C:\XHARBOUR\LIB\RTL.LIB|cdpapi ACBP=A9
 0001:00020874 000000AF C=CODE    S=_TEXT    G=(none)   M=C:\XHARBOUR\LIB\RTL.LIB|chrasc ACBP=A9
 0001:00020924 000000D0 C=CODE    S=_TEXT    G=(none)   M=C:\XHARBOUR\LIB\RTL.LIB|colorind ACBP=A9
 0001:000209F4 00000B79 C=CODE    S=_TEXT    G=(none)   M=C:\XHARBOUR\LIB\RTL.LIB|console ACBP=A9
 0001:00021570 00000167 C=CODE    S=_TEXT    G=(none)   M=C:\XHARBOUR\LIB\RTL.LIB|datec ACBP=A9
 0001:000216D8 000011D7 C=CODE    S=_TEXT    G=(none)   M=C:\XHARBOUR\LIB\RTL.LIB|dateshb ACBP=A9
 0001:000228B0 00000830 C=CODE    S=_TEXT    G=(none)   M=C:\XHARBOUR\LIB\RTL.LIB|direct ACBP=A9
 0001:000230E0 00000250 C=CODE    S=_TEXT    G=(none)   M=C:\XHARBOUR\LIB\RTL.LIB|empty ACBP=A9
 0001:00023330 00000154 C=CODE    S=_TEXT    G=(none)   M=C:\XHARBOUR\LIB\RTL.LIB|file ACBP=A9
 0001:00023484 00000C39 C=CODE    S=_TEXT    G=(none)   M=C:\XHARBOUR\LIB\RTL.LIB|filebuf ACBP=A9
 0001:000240C0 00000074 C=CODE    S=_TEXT    G=(none)   M=C:\XHARBOUR\LIB\RTL.LIB|filehb ACBP=A9
 0001:00024134 00001D86 C=CODE    S=_TEXT    G=(none)   M=C:\XHARBOUR\LIB\RTL.LIB|filesys ACBP=A9
 0001:00025EBC 000000D1 C=CODE    S=_TEXT    G=(none)   M=C:\XHARBOUR\LIB\RTL.LIB|fserror ACBP=A9
 0001:00025F90 000000D0 C=CODE    S=_TEXT    G=(none)   M=C:\XHARBOUR\LIB\RTL.LIB|fnsplit ACBP=A9
 0001:00026060 00000986 C=CODE    S=_TEXT    G=(none)   M=C:\XHARBOUR\LIB\RTL.LIB|fparse ACBP=A9
 0001:000269E8 00000107 C=CODE    S=_TEXT    G=(none)   M=C:\XHARBOUR\LIB\RTL.LIB|fssize ACBP=A9
 0001:00026AF0 000003EB C=CODE    S=_TEXT    G=(none)   M=C:\XHARBOUR\LIB\RTL.LIB|fstemp ACBP=A9
 0001:00026EDC 00000116 C=CODE    S=_TEXT    G=(none)   M=C:\XHARBOUR\LIB\RTL.LIB|gete ACBP=A9
 0001:00026FF4 00000028 C=CODE    S=_TEXT    G=(none)   M=C:\XHARBOUR\LIB\RTL.LIB|gt ACBP=A9
 0001:0002701C 00000F42 C=CODE    S=_TEXT    G=(none)   M=C:\XHARBOUR\LIB\RTL.LIB|gtapi ACBP=A9
 0001:00027F60 000002B5 C=CODE    S=_TEXT    G=(none)   M=C:\XHARBOUR\LIB\RTL.LIB|gtclip ACBP=A9
 0001:00028218 00000001 C=CODE    S=_TEXT    G=(none)   M=C:\XHARBOUR\LIB\RTL.LIB|gtsys ACBP=A9
 0001:0002821C 0000047C C=CODE    S=_TEXT    G=(none)   M=C:\XHARBOUR\LIB\RTL.LIB|hbbitf ACBP=A9
 0001:00028698 000007F7 C=CODE    S=_TEXT    G=(none)   M=C:\XHARBOUR\LIB\RTL.LIB|hbserv ACBP=A9
 0001:00028E90 000007F9 C=CODE    S=_TEXT    G=(none)   M=C:\XHARBOUR\LIB\RTL.LIB|hbffind ACBP=A9
 0001:0002968C 00003D59 C=CODE    S=_TEXT    G=(none)   M=C:\XHARBOUR\LIB\RTL.LIB|hbgtcore ACBP=A9
 0001:0002D3E8 00000485 C=CODE    S=_TEXT    G=(none)   M=C:\XHARBOUR\LIB\RTL.LIB|hbhex2n ACBP=A9
 0001:0002D870 000002C0 C=CODE    S=_TEXT    G=(none)   M=C:\XHARBOUR\LIB\RTL.LIB|hbrandom ACBP=A9
 0001:0002DB30 00000476 C=CODE    S=_TEXT    G=(none)   M=C:\XHARBOUR\LIB\RTL.LIB|idle ACBP=A9
 0001:0002DFA8 00000487 C=CODE    S=_TEXT    G=(none)   M=C:\XHARBOUR\LIB\RTL.LIB|inkey ACBP=A9
 0001:0002E430 00000119 C=CODE    S=_TEXT    G=(none)   M=C:\XHARBOUR\LIB\RTL.LIB|inkeyapi ACBP=A9
 0001:0002E54C 00000486 C=CODE    S=_TEXT    G=(none)   M=C:\XHARBOUR\LIB\RTL.LIB|is ACBP=A9
 0001:0002E9D4 0000029F C=CODE    S=_TEXT    G=(none)   M=C:\XHARBOUR\LIB\RTL.LIB|langapi ACBP=A9
 0001:0002EC74 000000CA C=CODE    S=_TEXT    G=(none)   M=C:\XHARBOUR\LIB\RTL.LIB|left ACBP=A9
 0001:0002ED40 0000008F C=CODE    S=_TEXT    G=(none)   M=C:\XHARBOUR\LIB\RTL.LIB|len ACBP=A9
 0001:0002EDD0 00000A40 C=CODE    S=_TEXT    G=(none)   M=C:\XHARBOUR\LIB\RTL.LIB|math ACBP=A9
 0001:0002F810 00000207 C=CODE    S=_TEXT    G=(none)   M=C:\XHARBOUR\LIB\RTL.LIB|memofile ACBP=A9
 0001:0002FA18 0000067F C=CODE    S=_TEXT    G=(none)   M=C:\XHARBOUR\LIB\RTL.LIB|minmax ACBP=A9
 0001:00030098 00000976 C=CODE    S=_TEXT    G=(none)   M=C:\XHARBOUR\LIB\RTL.LIB|mlcfunc ACBP=A9
 0001:00030A10 00000071 C=CODE    S=_TEXT    G=(none)   M=C:\XHARBOUR\LIB\RTL.LIB|net ACBP=A9
 0001:00030A84 00000006 C=CODE    S=_TEXT    G=(none)   M=C:\XHARBOUR\LIB\RTL.LIB|pad ACBP=A9
 0001:00030A8C 00000141 C=CODE    S=_TEXT    G=(none)   M=C:\XHARBOUR\LIB\RTL.LIB|padc ACBP=A9
 0001:00030BD0 0000010F C=CODE    S=_TEXT    G=(none)   M=C:\XHARBOUR\LIB\RTL.LIB|padl ACBP=A9
 0001:00030CE0 00000108 C=CODE    S=_TEXT    G=(none)   M=C:\XHARBOUR\LIB\RTL.LIB|padr ACBP=A9
 0001:00030DE8 00000CEE C=CODE    S=_TEXT    G=(none)   M=C:\XHARBOUR\LIB\RTL.LIB|philes ACBP=A9
 0001:00031AD8 0000008D C=CODE    S=_TEXT    G=(none)   M=C:\XHARBOUR\LIB\RTL.LIB|philesx ACBP=A9
 0001:00031B68 000000F8 C=CODE    S=_TEXT    G=(none)   M=C:\XHARBOUR\LIB\RTL.LIB|rat ACBP=A9
 0001:00031C60 0000012F C=CODE    S=_TEXT    G=(none)   M=C:\XHARBOUR\LIB\RTL.LIB|replic ACBP=A9
 0001:00031D90 00000093 C=CODE    S=_TEXT    G=(none)   M=C:\XHARBOUR\LIB\RTL.LIB|right ACBP=A9
 0001:00031E24 00000132 C=CODE    S=_TEXT    G=(none)   M=C:\XHARBOUR\LIB\RTL.LIB|round ACBP=A9
 0001:00031F58 000001FC C=CODE    S=_TEXT    G=(none)   M=C:\XHARBOUR\LIB\RTL.LIB|samples ACBP=A9
 0001:00032154 000002E4 C=CODE    S=_TEXT    G=(none)   M=C:\XHARBOUR\LIB\RTL.LIB|seconds ACBP=A9
 0001:00032438 000011EE C=CODE    S=_TEXT    G=(none)   M=C:\XHARBOUR\LIB\RTL.LIB|regex ACBP=A9
 0001:00033628 00000155 C=CODE    S=_TEXT    G=(none)   M=C:\XHARBOUR\LIB\RTL.LIB|setcolor ACBP=A9
 0001:00033780 00000064 C=CODE    S=_TEXT    G=(none)   M=C:\XHARBOUR\LIB\RTL.LIB|setcurs ACBP=A9
 0001:000337E4 0000059D C=CODE    S=_TEXT    G=(none)   M=C:\XHARBOUR\LIB\RTL.LIB|setkey ACBP=A9
 0001:00033D84 0000008D C=CODE    S=_TEXT    G=(none)   M=C:\XHARBOUR\LIB\RTL.LIB|setpos ACBP=A9
 0001:00033E14 0000002A C=CODE    S=_TEXT    G=(none)   M=C:\XHARBOUR\LIB\RTL.LIB|setposbs ACBP=A9
 0001:00033E40 00000086 C=CODE    S=_TEXT    G=(none)   M=C:\XHARBOUR\LIB\RTL.LIB|space ACBP=A9
 0001:00033EC8 000002FA C=CODE    S=_TEXT    G=(none)   M=C:\XHARBOUR\LIB\RTL.LIB|spfiles ACBP=A9
 0001:000341C4 0000023D C=CODE    S=_TEXT    G=(none)   M=C:\XHARBOUR\LIB\RTL.LIB|str ACBP=A9
 0001:00034404 00000346 C=CODE    S=_TEXT    G=(none)   M=C:\XHARBOUR\LIB\RTL.LIB|strcase ACBP=A9
 0001:0003474C 00000141 C=CODE    S=_TEXT    G=(none)   M=C:\XHARBOUR\LIB\RTL.LIB|strdel ACBP=A9
 0001:00034890 00000035 C=CODE    S=_TEXT    G=(none)   M=C:\XHARBOUR\LIB\RTL.LIB|strings ACBP=A9
 0001:000348C8 0000068D C=CODE    S=_TEXT    G=(none)   M=C:\XHARBOUR\LIB\RTL.LIB|strmatch ACBP=A9
 0001:00034F58 00000324 C=CODE    S=_TEXT    G=(none)   M=C:\XHARBOUR\LIB\RTL.LIB|strtran ACBP=A9
 0001:0003527C 00000143 C=CODE    S=_TEXT    G=(none)   M=C:\XHARBOUR\LIB\RTL.LIB|strzero ACBP=A9
 0001:000353C0 0000017E C=CODE    S=_TEXT    G=(none)   M=C:\XHARBOUR\LIB\RTL.LIB|stuff ACBP=A9
 0001:00035540 00000153 C=CODE    S=_TEXT    G=(none)   M=C:\XHARBOUR\LIB\RTL.LIB|substr ACBP=A9
 0001:00035694 0000116C C=CODE    S=_TEXT    G=(none)   M=C:\XHARBOUR\LIB\RTL.LIB|tprinter ACBP=A9
 0001:00036800 000001B0 C=CODE    S=_TEXT    G=(none)   M=C:\XHARBOUR\LIB\RTL.LIB|trace ACBP=A9
 0001:000369B0 00001CC8 C=CODE    S=_TEXT    G=(none)   M=C:\XHARBOUR\LIB\RTL.LIB|transfrm ACBP=A9
 0001:00038678 0000025A C=CODE    S=_TEXT    G=(none)   M=C:\XHARBOUR\LIB\RTL.LIB|trim ACBP=A9
 0001:000388D4 00000077 C=CODE    S=_TEXT    G=(none)   M=C:\XHARBOUR\LIB\RTL.LIB|type ACBP=A9
 0001:0003894C 0000009D C=CODE    S=_TEXT    G=(none)   M=C:\XHARBOUR\LIB\RTL.LIB|val ACBP=A9
 0001:000389EC 0000042A C=CODE    S=_TEXT    G=(none)   M=C:\XHARBOUR\LIB\RTL.LIB|valtype ACBP=A9
 0001:00038E18 00000394 C=CODE    S=_TEXT    G=(none)   M=C:\XHARBOUR\LIB\RTL.LIB|version ACBP=A9
 0001:000391AC 0000004A C=CODE    S=_TEXT    G=(none)   M=C:\XHARBOUR\LIB\RTL.LIB|word ACBP=A9
 0001:000391F8 0000005C C=CODE    S=_TEXT    G=(none)   M=C:\XHARBOUR\LIB\RTL.LIB|xhelp ACBP=A9
 0001:00039254 000000E4 C=CODE    S=_TEXT    G=(none)   M=C:\XHARBOUR\LIB\RTL.LIB|xsavescr ACBP=A9
 0001:00039338 00000164 C=CODE    S=_TEXT    G=(none)   M=C:\XHARBOUR\LIB\RTL.LIB|cstr ACBP=A9
 0001:0003949C 0000004C C=CODE    S=_TEXT    G=(none)   M=C:\XHARBOUR\LIB\RTL.LIB|memvarbl ACBP=A9
 0001:000394E8 000001DC C=CODE    S=_TEXT    G=(none)   M=C:\XHARBOUR\LIB\RTL.LIB|objfunc ACBP=A9
 0001:000396C4 00000204 C=CODE    S=_TEXT    G=(none)   M=C:\XHARBOUR\LIB\RTL.LIB|tclass ACBP=A9
 0001:000398C8 000003D4 C=CODE    S=_TEXT    G=(none)   M=C:\XHARBOUR\LIB\RTL.LIB|tget ACBP=A9
 0001:00039C9C 000001A3 C=CODE    S=_TEXT    G=(none)   M=C:\XHARBOUR\LIB\RTL.LIB|tobject ACBP=A9
 0001:00039E40 00000060 C=CODE    S=_TEXT    G=(none)   M=C:\XHARBOUR\LIB\RTL.LIB|traceprg ACBP=A9
 0001:00039EA0 0000026E C=CODE    S=_TEXT    G=(none)   M=C:\XHARBOUR\LIB\RTL.LIB|tscalar ACBP=A9
 0001:0003A110 00038ADE C=CODE    S=_TEXT    G=(none)   M=C:\XHARBOUR\LIB\VM.LIB|hvmall ACBP=A9
 0001:00072BF0 000005CF C=CODE    S=_TEXT    G=(none)   M=C:\XHARBOUR\LIB\VM.LIB|cmdarg ACBP=A9
 0001:000731C0 000011BD C=CODE    S=_TEXT    G=(none)   M=C:\XHARBOUR\LIB\VM.LIB|hbi18n ACBP=A9
 0001:00074380 00000014 C=CODE    S=_TEXT    G=(none)   M=C:\XHARBOUR\LIB\VM.LIB|break ACBP=A9
 0001:00074394 00000019 C=CODE    S=_TEXT    G=(none)   M=C:\XHARBOUR\LIB\VM.LIB|initsymb ACBP=A9
 0001:000743B0 00000076 C=CODE    S=_TEXT    G=(none)   M=C:\XHARBOUR\LIB\VM.LIB|throw ACBP=A9
 0001:00074428 00000100 C=CODE    S=_TEXT    G=(none)   M=C:\XHARBOUR\LIB\VM.LIB|harbinit ACBP=A9
 0001:00074528 00000660 C=CODE    S=_TEXT    G=(none)   M=C:\XHARBOUR\LIB\VM.LIB|bkgtsks ACBP=A9
 0001:00074B88 00000128 C=CODE    S=_TEXT    G=(none)   M=C:\XHARBOUR\LIB\VM.LIB|mainwin ACBP=A9
 0001:00074CB0 00000010 C=CODE    S=_TEXT    G=(none)   M=C:\XHARBOUR\LIB\LANG.LIB|msgen ACBP=A9
 0001:00074CC0 00000010 C=CODE    S=_TEXT    G=(none)   M=C:\XHARBOUR\LIB\LANG.LIB|msgpt ACBP=A9
 0001:00074CD0 000029E1 C=CODE    S=_TEXT    G=(none)   M=C:\XHARBOUR\LIB\MACRO.LIB|macroy ACBP=A9
 0001:000776B4 00000341 C=CODE    S=_TEXT    G=(none)   M=C:\XHARBOUR\LIB\MACRO.LIB|macroa ACBP=A9
 0001:000779F8 00005B9D C=CODE    S=_TEXT    G=(none)   M=C:\XHARBOUR\LIB\MACRO.LIB|macrob ACBP=A9
 0001:0007D598 00000864 C=CODE    S=_TEXT    G=(none)   M=C:\XHARBOUR\LIB\MACRO.LIB|macroc ACBP=A9
 0001:0007DDFC 000022BD C=CODE    S=_TEXT    G=(none)   M=C:\XHARBOUR\LIB\MACRO.LIB|macroslx ACBP=A9
 0001:000800BC 000037E9 C=CODE    S=_TEXT    G=(none)   M=C:\XHARBOUR\LIB\RDD.LIB|dbcmd ACBP=A9
 0001:000838A8 0000028E C=CODE    S=_TEXT    G=(none)   M=C:\XHARBOUR\LIB\RDD.LIB|dbcmdx ACBP=A9
 0001:00083B38 0000000E C=CODE    S=_TEXT    G=(none)   M=C:\XHARBOUR\LIB\RDD.LIB|dbcmdhb ACBP=A9
 0001:00083B48 000025C6 C=CODE    S=_TEXT    G=(none)   M=C:\XHARBOUR\LIB\RDD.LIB|workarea ACBP=A9
 0001:00086110 00000863 C=CODE    S=_TEXT    G=(none)   M=C:\XHARBOUR\LIB\RDD.LIB|wacore ACBP=A9
 0001:00086974 000014AA C=CODE    S=_TEXT    G=(none)   M=C:\XHARBOUR\LIB\RDD.LIB|wafunc ACBP=A9
 0001:00087E20 00008384 C=CODE    S=_TEXT    G=(none)   M=C:\XHARBOUR\LIB\RDD.LIB|dbf1 ACBP=A9
 0001:000901A4 0000069F C=CODE    S=_TEXT    G=(none)   M=C:\XHARBOUR\LIB\RDD.LIB|hbdbsort ACBP=A9
 0001:00090844 000000D8 C=CODE    S=_TEXT    G=(none)   M=C:\XHARBOUR\LIB\RDD.LIB|rddord ACBP=A9
 0001:0009091C 0000004C C=CODE    S=_TEXT    G=(none)   M=C:\XHARBOUR\LIB\RDD.LIB|rddsys ACBP=A9
 0001:00090968 0000AB04 C=CODE    S=_TEXT    G=(none)   M=C:\XHARBOUR\LIB\DBFNTX.LIB|dbfntx1 ACBP=A9
 0001:0009B46C 0000D92C C=CODE    S=_TEXT    G=(none)   M=C:\XHARBOUR\LIB\DBFCDX.LIB|dbfcdx1 ACBP=A9
 0001:000A8D98 00007584 C=CODE    S=_TEXT    G=(none)   M=C:\XHARBOUR\LIB\DBFFPT.LIB|dbffpt1 ACBP=A9
 0001:000B031C 0000003F C=CODE    S=_TEXT    G=(none)   M=C:\XHARBOUR\LIB\COMMON.LIB|hbfopen ACBP=A9
 0001:000B035C 000003DF C=CODE    S=_TEXT    G=(none)   M=C:\XHARBOUR\LIB\COMMON.LIB|hbfsapi ACBP=A9
 0001:000B073C 000000F7 C=CODE    S=_TEXT    G=(none)   M=C:\XHARBOUR\LIB\COMMON.LIB|hbgete ACBP=A9
 0001:000B0834 000005C8 C=CODE    S=_TEXT    G=(none)   M=C:\XHARBOUR\LIB\COMMON.LIB|hbmem ACBP=A9
 0001:000B0DFC 00001154 C=CODE    S=_TEXT    G=(none)   M=C:\XHARBOUR\LIB\COMMON.LIB|hbstr ACBP=A9
 0001:000B1F50 00001AD9 C=CODE    S=_TEXT    G=(none)   M=C:\XHARBOUR\LIB\COMMON.LIB|hbprintf ACBP=A9
 0001:000B3A2C 00000225 C=CODE    S=_TEXT    G=(none)   M=C:\XHARBOUR\LIB\COMMON.LIB|hbtrace ACBP=A9
 0001:000B3C54 0000101A C=CODE    S=_TEXT    G=(none)   M=C:\XHARBOUR\LIB\COMMON.LIB|hbver ACBP=A9
 0001:000B4C70 00000AC2 C=CODE    S=_TEXT    G=(none)   M=C:\XHARBOUR\LIB\COMMON.LIB|expropt1 ACBP=A9
 0001:000B5734 00001343 C=CODE    S=_TEXT    G=(none)   M=C:\XHARBOUR\LIB\COMMON.LIB|expropt2 ACBP=A9
 0001:000B6A78 00000060 C=CODE    S=_TEXT    G=(none)   M=C:\XHARBOUR\LIB\COMMON.LIB|reserved ACBP=A9
 0001:000B6AD8 00001915 C=CODE    S=_TEXT    G=(none)   M=C:\XHARBOUR\LIB\COMMON.LIB|hbdate ACBP=A9
 0001:000B83F0 00000181 C=CODE    S=_TEXT    G=(none)   M=C:\XHARBOUR\LIB\COMMON.LIB|hbwince ACBP=A9
 0001:000B8574 0000799F C=CODE    S=_TEXT    G=(none)   M=C:\XHARBOUR\LIB\PCREPOS.LIB|pcre_compile ACBP=A9
 0001:000BFF14 0000B63F C=CODE    S=_TEXT    G=(none)   M=C:\XHARBOUR\LIB\PCREPOS.LIB|pcre_exec ACBP=A9
 0001:000CB554 0000025E C=CODE    S=_TEXT    G=(none)   M=C:\XHARBOUR\LIB\PCREPOS.LIB|pcre_fullinfo ACBP=A9
 0001:000CB7B4 000003D5 C=CODE    S=_TEXT    G=(none)   M=C:\XHARBOUR\LIB\PCREPOS.LIB|pcre_newline ACBP=A9
 0001:000CBB8C 0000004F C=CODE    S=_TEXT    G=(none)   M=C:\XHARBOUR\LIB\PCREPOS.LIB|pcre_ord2utf8 ACBP=A9
 0001:000CBBDC 0000041E C=CODE    S=_TEXT    G=(none)   M=C:\XHARBOUR\LIB\PCREPOS.LIB|pcre_valid_utf8 ACBP=A9
 0001:000CBFFC 00000016 C=CODE    S=_TEXT    G=(none)   M=C:\XHARBOUR\LIB\PCREPOS.LIB|pcre_version ACBP=A9
 0001:000CC014 00000410 C=CODE    S=_TEXT    G=(none)   M=C:\XHARBOUR\LIB\PCREPOS.LIB|pcre_xclass ACBP=A9
 0001:000CC424 000003C5 C=CODE    S=_TEXT    G=(none)   M=C:\XHARBOUR\LIB\PCREPOS.LIB|pcreposix ACBP=A9
 0001:000CC7EC 0000000F C=CODE    S=_TEXT    G=(none)   M=C:\BCC55\LIB\CW32.LIB|del ACBP=A9
 0001:000CC7FC 0000000F C=CODE    S=_TEXT    G=(none)   M=C:\BCC55\LIB\CW32.LIB|delarray ACBP=A9
 0001:000CC80C 000000AE C=CODE    S=_TEXT    G=(none)   M=C:\BCC55\LIB\CW32.LIB|new ACBP=A9
 0001:000CC8B0 0000000F C=CODE    S=_TEXT    G=(none)   M=C:\BCC55\LIB\CW32.LIB|newarray ACBP=A9
 0001:000CC8C0 000000DB C=CODE    S=_TEXT    G=(none)   M=C:\BCC55\LIB\CW32.LIB|setnew ACBP=A9
 0001:000CC994 00000111 C=CODE    S=_TEXT    G=(none)   M=C:\BCC55\LIB\CW32.LIB|virtmem ACBP=A9
 0001:000CCAA8 0000009F C=CODE    S=_TEXT    G=(none)   M=C:\BCC55\LIB\CW32.LIB|hrdir_b ACBP=A9
 0001:000CCB48 00000020 C=CODE    S=_TEXT    G=(none)   M=C:\BCC55\LIB\CW32.LIB|hrdir_mf ACBP=A9
 0001:000CCB68 000000B8 C=CODE    S=_TEXT    G=(none)   M=C:\BCC55\LIB\CW32.LIB|hrdir_s ACBP=A9
 0001:000CCC20 00000001 C=CODE    S=_TEXT    G=(none)   M=C:\BCC55\LIB\CW32.LIB|hrdir_us ACBP=A9
 0001:000CCC24 000009CC C=CODE    S=_TEXT    G=(none)   M=C:\BCC55\LIB\CW32.LIB|heap ACBP=A9
 0001:000CD5F0 00000292 C=CODE    S=_TEXT    G=(none)   M=C:\BCC55\LIB\CW32.LIB|realloc ACBP=A9
 0001:000CD884 00000001 C=CODE    S=_TEXT    G=(none)   M=C:\BCC55\LIB\CW32.LIB|crtlst_i ACBP=A9
 0001:000CD888 00000001 C=CODE    S=_TEXT    G=(none)   M=C:\BCC55\LIB\CW32.LIB|crtlst_l ACBP=A9
 0001:000CD889 00000103 C=CODE    S=_TEXT    G=(none)   M=C:\BCC55\LIB\CW32.LIB|stdexcpt ACBP=A9
 0001:000CD908 0000001E C=CODE    S=_TEXT    G=(none)   M=C:\BCC55\LIB\CW32.LIB|memchr ACBP=A9
 0001:000CD928 00000024 C=CODE    S=_TEXT    G=(none)   M=C:\BCC55\LIB\CW32.LIB|memcpy ACBP=A9
 0001:000CD94C 0000004A C=CODE    S=_TEXT    G=(none)   M=C:\BCC55\LIB\CW32.LIB|memmove ACBP=A9
 0001:000CD998 0000008A C=CODE    S=_TEXT    G=(none)   M=C:\BCC55\LIB\CW32.LIB|memset ACBP=A9
 0001:000CDA24 00000018 C=CODE    S=_TEXT    G=(none)   M=C:\BCC55\LIB\CW32.LIB|wmemset ACBP=A9
 0001:000CDA3C 0000003C C=CODE    S=_TEXT    G=(none)   M=C:\BCC55\LIB\CW32.LIB|strcat ACBP=A9
 0001:000CDA78 00000053 C=CODE    S=_TEXT    G=(none)   M=C:\BCC55\LIB\CW32.LIB|strchr ACBP=A9
 0001:000CDACC 0000002F C=CODE    S=_TEXT    G=(none)   M=C:\BCC55\LIB\CW32.LIB|strcpy ACBP=A9
 0001:000CDAFC 0000005A C=CODE    S=_TEXT    G=(none)   M=C:\BCC55\LIB\CW32.LIB|strlen ACBP=A9
 0001:000CDB58 0000006E C=CODE    S=_TEXT    G=(none)   M=C:\BCC55\LIB\CW32.LIB|strncat ACBP=A9
 0001:000CDBC8 00000027 C=CODE    S=_TEXT    G=(none)   M=C:\BCC55\LIB\CW32.LIB|strncmp ACBP=A9
 0001:000CDBF0 0000006C C=CODE    S=_TEXT    G=(none)   M=C:\BCC55\LIB\CW32.LIB|memcmp ACBP=A9
 0001:000CDC5C 00000032 C=CODE    S=_TEXT    G=(none)   M=C:\BCC55\LIB\CW32.LIB|strdup ACBP=A9
 0001:000CDC90 000000B7 C=CODE    S=_TEXT    G=(none)   M=C:\BCC55\LIB\CW32.LIB|strerror ACBP=A9
 0001:000CDD48 0000004F C=CODE    S=_TEXT    G=(none)   M=C:\BCC55\LIB\CW32.LIB|strncpy ACBP=A9
 0001:000CDD98 0000002B C=CODE    S=_TEXT    G=(none)   M=C:\BCC55\LIB\CW32.LIB|strpbrk ACBP=A9
 0001:000CDDC4 00000029 C=CODE    S=_TEXT    G=(none)   M=C:\BCC55\LIB\CW32.LIB|strrchr ACBP=A9
 0001:000CDDF0 00000054 C=CODE    S=_TEXT    G=(none)   M=C:\BCC55\LIB\CW32.LIB|strstr ACBP=A9
 0001:000CDE44 00000037 C=CODE    S=_TEXT    G=(none)   M=C:\BCC55\LIB\CW32.LIB|_stpcpy ACBP=A9
 0001:000CDE7C 00000018 C=CODE    S=_TEXT    G=(none)   M=C:\BCC55\LIB\CW32.LIB|wcslen ACBP=A9
 0001:000CDE94 0000003F C=CODE    S=_TEXT    G=(none)   M=C:\BCC55\LIB\CW32.LIB|wcscpy ACBP=A9
 0001:000CDED4 00000070 C=CODE    S=_TEXT    G=(none)   M=C:\BCC55\LIB\CW32.LIB|xxa ACBP=A9
 0001:000CDF44 00000778 C=CODE    S=_TEXT    G=(none)   M=C:\BCC55\LIB\CW32.LIB|xxtype ACBP=A9
 0001:000CE696 000000B6 C=CODE    S=_TEXT    G=(none)   M=C:\BCC55\LIB\CW32.LIB|xxut ACBP=A9
 0001:000CE738 0000014B C=CODE    S=_TEXT    G=(none)   M=C:\BCC55\LIB\CW32.LIB|xxv ACBP=A9
 0001:000CE884 0000000A C=CODE    S=_TEXT    G=(none)   M=C:\BCC55\LIB\CW32.LIB|defhandl ACBP=A9
 0001:000CE890 00000179 C=CODE    S=_TEXT    G=(none)   M=C:\BCC55\LIB\CW32.LIB|except ACBP=A9
 0001:000CEA0C 00000046 C=CODE    S=_TEXT    G=(none)   M=C:\BCC55\LIB\CW32.LIB|setexc ACBP=A9
 0001:000CEA54 00000022 C=CODE    S=_TEXT    G=(none)   M=C:\BCC55\LIB\CW32.LIB|ta ACBP=A9
 0001:000CEA78 0000003C C=CODE    S=_TEXT    G=(none)   M=C:\BCC55\LIB\CW32.LIB|__access ACBP=A9
 0001:000CEAB4 00000060 C=CODE    S=_TEXT    G=(none)   M=C:\BCC55\LIB\CW32.LIB|__close ACBP=A9
 0001:000CEB14 00000013 C=CODE    S=_TEXT    G=(none)   M=C:\BCC55\LIB\CW32.LIB|__dup ACBP=A9
 0001:000CEB28 000000EF C=CODE    S=_TEXT    G=(none)   M=C:\BCC55\LIB\CW32.LIB|__dup2 ACBP=A9
 0001:000CEC18 00000086 C=CODE    S=_TEXT    G=(none)   M=C:\BCC55\LIB\CW32.LIB|__eof ACBP=A9
 0001:000CECA0 00000047 C=CODE    S=_TEXT    G=(none)   M=C:\BCC55\LIB\CW32.LIB|__isatty ACBP=A9
 0001:000CECE8 00000076 C=CODE    S=_TEXT    G=(none)   M=C:\BCC55\LIB\CW32.LIB|__lseek ACBP=A9
 0001:000CED60 000001FA C=CODE    S=_TEXT    G=(none)   M=C:\BCC55\LIB\CW32.LIB|__open ACBP=A9
 0001:000CEF5C 0000019A C=CODE    S=_TEXT    G=(none)   M=C:\BCC55\LIB\CW32.LIB|__read ACBP=A9
 0001:000CF0F8 0000011C C=CODE    S=_TEXT    G=(none)   M=C:\BCC55\LIB\CW32.LIB|__write ACBP=A9
 0001:000CF214 00000011 C=CODE    S=_TEXT    G=(none)   M=C:\BCC55\LIB\CW32.LIB|_cfinfo ACBP=A9
 0001:000CF228 00000038 C=CODE    S=_TEXT    G=(none)   M=C:\BCC55\LIB\CW32.LIB|_flshall ACBP=A9
 0001:000CF260 00000061 C=CODE    S=_TEXT    G=(none)   M=C:\BCC55\LIB\CW32.LIB|_read ACBP=A9
 0001:000CF2C1 00000017 C=CODE    S=_TEXT    G=(none)   M=C:\BCC55\LIB\CW32.LIB|_umask ACBP=A9
 0001:000CF2C4 00000061 C=CODE    S=_TEXT    G=(none)   M=C:\BCC55\LIB\CW32.LIB|_write ACBP=A9
 0001:000CF328 00000008 C=CODE    S=_TEXT    G=(none)   M=C:\BCC55\LIB\CW32.LIB|access ACBP=A9
 0001:000CF330 0000007D C=CODE    S=_TEXT    G=(none)   M=C:\BCC55\LIB\CW32.LIB|allocbuf ACBP=A9
 0001:000CF3B0 0000009B C=CODE    S=_TEXT    G=(none)   M=C:\BCC55\LIB\CW32.LIB|chdrive ACBP=A9
 0001:000CF44C 00000008 C=CODE    S=_TEXT    G=(none)   M=C:\BCC55\LIB\CW32.LIB|close ACBP=A9
 0001:000CF454 00000008 C=CODE    S=_TEXT    G=(none)   M=C:\BCC55\LIB\CW32.LIB|dup ACBP=A9
 0001:000CF45C 0000008E C=CODE    S=_TEXT    G=(none)   M=C:\BCC55\LIB\CW32.LIB|fclose ACBP=A9
 0001:000CF4EC 0000007F C=CODE    S=_TEXT    G=(none)   M=C:\BCC55\LIB\CW32.LIB|fflush ACBP=A9
 0001:000CF56C 0000005A C=CODE    S=_TEXT    G=(none)   M=C:\BCC55\LIB\CW32.LIB|flushout ACBP=A9
 0001:000CF5C8 00000023 C=CODE    S=_TEXT    G=(none)   M=C:\BCC55\LIB\CW32.LIB|fmodeptr ACBP=A9
 0001:000CF5EC 000001DD C=CODE    S=_TEXT    G=(none)   M=C:\BCC55\LIB\CW32.LIB|fopen ACBP=A9
 0001:000CF7CC 00000022 C=CODE    S=_TEXT    G=(none)   M=C:\BCC55\LIB\CW32.LIB|fprintf ACBP=A9
 0001:000CF7F0 000000D9 C=CODE    S=_TEXT    G=(none)   M=C:\BCC55\LIB\CW32.LIB|fputn ACBP=A9
 0001:000CF8CC 0000013E C=CODE    S=_TEXT    G=(none)   M=C:\BCC55\LIB\CW32.LIB|fseek ACBP=A9
 0001:000CFA0C 000002B9 C=CODE    S=_TEXT    G=(none)   M=C:\BCC55\LIB\CW32.LIB|handles ACBP=A9
 0001:000CFCC8 00000076 C=CODE    S=_TEXT    G=(none)   M=C:\BCC55\LIB\CW32.LIB|ioerror ACBP=A9
 0001:000CFD40 0000019E C=CODE    S=_TEXT    G=(none)   M=C:\BCC55\LIB\CW32.LIB|lgetc ACBP=A9
 0001:000CFEE0 00000110 C=CODE    S=_TEXT    G=(none)   M=C:\BCC55\LIB\CW32.LIB|lputc ACBP=A9
 0001:000CFFF0 00000091 C=CODE    S=_TEXT    G=(none)   M=C:\BCC55\LIB\CW32.LIB|mkname ACBP=A9
 0001:000D0081 00000079 C=CODE    S=_TEXT    G=(none)   M=C:\BCC55\LIB\CW32.LIB|perror ACBP=A9
 0001:000D0084 00000023 C=CODE    S=_TEXT    G=(none)   M=C:\BCC55\LIB\CW32.LIB|printf ACBP=A9
 0001:000D00A8 0000006B C=CODE    S=_TEXT    G=(none)   M=C:\BCC55\LIB\CW32.LIB|setmode ACBP=A9
 0001:000D0114 0000004D C=CODE    S=_TEXT    G=(none)   M=C:\BCC55\LIB\CW32.LIB|setvbuf ACBP=A9
 0001:000D0164 00000078 C=CODE    S=_TEXT    G=(none)   M=C:\BCC55\LIB\CW32.LIB|sprintf ACBP=A9
 0001:000D01DC 00000115 C=CODE    S=_TEXT    G=(none)   M=C:\BCC55\LIB\CW32.LIB|streams ACBP=A9
 0001:000D02F4 0000001A C=CODE    S=_TEXT    G=(none)   M=C:\BCC55\LIB\CW32.LIB|unlink ACBP=A9
 0001:000D0310 00000022 C=CODE    S=_TEXT    G=(none)   M=C:\BCC55\LIB\CW32.LIB|vfprintf ACBP=A9
 0001:000D0334 000009EC C=CODE    S=_TEXT    G=(none)   M=C:\BCC55\LIB\CW32.LIB|vprinter ACBP=A9
 0001:000D0D20 0000002E C=CODE    S=_TEXT    G=(none)   M=C:\BCC55\LIB\CW32.LIB|xfclose ACBP=A9
 0001:000D0D50 00000027 C=CODE    S=_TEXT    G=(none)   M=C:\BCC55\LIB\CW32.LIB|xfflush ACBP=A9
 0001:000D0D78 00000051 C=CODE    S=_TEXT    G=(none)   M=C:\BCC55\LIB\CW32.LIB|getinfo ACBP=A9
 0001:000D0DCC 00000102 C=CODE    S=_TEXT    G=(none)   M=C:\BCC55\LIB\CW32.LIB|is ACBP=A9
 0001:000D0ED0 00000103 C=CODE    S=_TEXT    G=(none)   M=C:\BCC55\LIB\CW32.LIB|wis ACBP=A9
 0001:000D0FD4 00000043 C=CODE    S=_TEXT    G=(none)   M=C:\BCC55\LIB\CW32.LIB|isctype ACBP=A9
 0001:000D1018 00000055 C=CODE    S=_TEXT    G=(none)   M=C:\BCC55\LIB\CW32.LIB|iswctype ACBP=A9
 0001:000D1070 00000054 C=CODE    S=_TEXT    G=(none)   M=C:\BCC55\LIB\CW32.LIB|ltoupper ACBP=A9
 0001:000D10C4 000004D0 C=CODE    S=_TEXT    G=(none)   M=C:\BCC55\LIB\CW32.LIB|mbyte1 ACBP=A9
 0001:000D1594 00000200 C=CODE    S=_TEXT    G=(none)   M=C:\BCC55\LIB\CW32.LIB|_ll ACBP=A9
 0001:000D1794 0000001D C=CODE    S=_TEXT    G=(none)   M=C:\BCC55\LIB\CW32.LIB|_finite ACBP=A9
 0001:000D17B4 0000002D C=CODE    S=_TEXT    G=(none)   M=C:\BCC55\LIB\CW32.LIB|_finitel ACBP=A9
 0001:000D17E4 0000002B C=CODE    S=_TEXT    G=(none)   M=C:\BCC55\LIB\CW32.LIB|_ftoul ACBP=A9
 0001:000D1810 00000045 C=CODE    S=_TEXT    G=(none)   M=C:\BCC55\LIB\CW32.LIB|_isnan ACBP=A9
 0001:000D1858 00000049 C=CODE    S=_TEXT    G=(none)   M=C:\BCC55\LIB\CW32.LIB|_isnanl ACBP=A9
 0001:000D18A4 000000B0 C=CODE    S=_TEXT    G=(none)   M=C:\BCC55\LIB\CW32.LIB|_matherr ACBP=A9
 0001:000D1954 00000188 C=CODE    S=_TEXT    G=(none)   M=C:\BCC55\LIB\CW32.LIB|_pow10 ACBP=A9
 0001:000D1ADC 00000077 C=CODE    S=_TEXT    G=(none)   M=C:\BCC55\LIB\CW32.LIB|atol ACBP=A9
 0001:000D1B54 0000001C C=CODE    S=_TEXT    G=(none)   M=C:\BCC55\LIB\CW32.LIB|ceil ACBP=A9
 0001:000D1B70 00000013 C=CODE    S=_TEXT    G=(none)   M=C:\BCC55\LIB\CW32.LIB|clear87 ACBP=A9
 0001:000D1B84 0000002F C=CODE    S=_TEXT    G=(none)   M=C:\BCC55\LIB\CW32.LIB|ctrl87 ACBP=A9
 0001:000D1BB4 00000018 C=CODE    S=_TEXT    G=(none)   M=C:\BCC55\LIB\CW32.LIB|cvtentry ACBP=A9
 0001:000D1BCC 00000018 C=CODE    S=_TEXT    G=(none)   M=C:\BCC55\LIB\CW32.LIB|cvtfak ACBP=A9
 0001:000D1BE4 00000018 C=CODE    S=_TEXT    G=(none)   M=C:\BCC55\LIB\CW32.LIB|cvtfakw ACBP=A9
 0001:000D1BFC 00000016 C=CODE    S=_TEXT    G=(none)   M=C:\BCC55\LIB\CW32.LIB|div ACBP=A9
 0001:000D1C14 0000006C C=CODE    S=_TEXT    G=(none)   M=C:\BCC55\LIB\CW32.LIB|exp ACBP=A9
 0001:000D1C80 000000CD C=CODE    S=_TEXT    G=(none)   M=C:\BCC55\LIB\CW32.LIB|f87exp ACBP=A9
 0001:000D1D50 00000048 C=CODE    S=_TEXT    G=(none)   M=C:\BCC55\LIB\CW32.LIB|f87log ACBP=A9
 0001:000D1D98 0000000D C=CODE    S=_TEXT    G=(none)   M=C:\BCC55\LIB\CW32.LIB|fabs ACBP=A9
 0001:000D1DA8 0000004D C=CODE    S=_TEXT    G=(none)   M=C:\BCC55\LIB\CW32.LIB|fmod ACBP=A9
 0001:000D1DF8 00000016 C=CODE    S=_TEXT    G=(none)   M=C:\BCC55\LIB\CW32.LIB|fpreset ACBP=A9
 0001:000D1E10 00000028 C=CODE    S=_TEXT    G=(none)   M=C:\BCC55\LIB\CW32.LIB|ftol ACBP=A9
 0001:000D1E38 0000002D C=CODE    S=_TEXT    G=(none)   M=C:\BCC55\LIB\CW32.LIB|fuildq ACBP=A9
 0001:000D1E68 00000021 C=CODE    S=_TEXT    G=(none)   M=C:\BCC55\LIB\CW32.LIB|fuistq ACBP=A9
 0001:000D1E8C 00000011 C=CODE    S=_TEXT    G=(none)   M=C:\BCC55\LIB\CW32.LIB|fxam ACBP=A9
 0001:000D1EA0 000000B1 C=CODE    S=_TEXT    G=(none)   M=C:\BCC55\LIB\CW32.LIB|int64toa ACBP=A9
 0001:000D1F54 00000117 C=CODE    S=_TEXT    G=(none)   M=C:\BCC55\LIB\CW32.LIB|ldtrunc ACBP=A9
 0001:000D206C 0000006D C=CODE    S=_TEXT    G=(none)   M=C:\BCC55\LIB\CW32.LIB|log ACBP=A9
 0001:000D20DC 0000008F C=CODE    S=_TEXT    G=(none)   M=C:\BCC55\LIB\CW32.LIB|longtoa ACBP=A9
 0001:000D216C 00000075 C=CODE    S=_TEXT    G=(none)   M=C:\BCC55\LIB\CW32.LIB|ltoa1 ACBP=A9
 0001:000D21E4 0000002E C=CODE    S=_TEXT    G=(none)   M=C:\BCC55\LIB\CW32.LIB|matherrl ACBP=A9
 0001:000D2214 00000016 C=CODE    S=_TEXT    G=(none)   M=C:\BCC55\LIB\CW32.LIB|mathptr ACBP=A9
 0001:000D222C 00000030 C=CODE    S=_TEXT    G=(none)   M=C:\BCC55\LIB\CW32.LIB|modf ACBP=A9
 0001:000D225C 00000030 C=CODE    S=_TEXT    G=(none)   M=C:\BCC55\LIB\CW32.LIB|modfl ACBP=A9
 0001:000D228C 000001DC C=CODE    S=_TEXT    G=(none)   M=C:\BCC55\LIB\CW32.LIB|pow ACBP=A9
 0001:000D2468 00000025 C=CODE    S=_TEXT    G=(none)   M=C:\BCC55\LIB\CW32.LIB|qdiv10 ACBP=A9
 0001:000D2490 0000002E C=CODE    S=_TEXT    G=(none)   M=C:\BCC55\LIB\CW32.LIB|qmul10 ACBP=A9
 0001:000D24C0 0000008E C=CODE    S=_TEXT    G=(none)   M=C:\BCC55\LIB\CW32.LIB|rand ACBP=A9
 0001:000D2550 000002F9 C=CODE    S=_TEXT    G=(none)   M=C:\BCC55\LIB\CW32.LIB|realcvt ACBP=A9
 0001:000D284C 00000331 C=CODE    S=_TEXT    G=(none)   M=C:\BCC55\LIB\CW32.LIB|realcvtw ACBP=A9
 0001:000D2B80 0000002C C=CODE    S=_TEXT    G=(none)   M=C:\BCC55\LIB\CW32.LIB|round ACBP=A9
 0001:000D2BAC 000004E1 C=CODE    S=_TEXT    G=(none)   M=C:\BCC55\LIB\CW32.LIB|scantod ACBP=A9
 0001:000D3090 000004DD C=CODE    S=_TEXT    G=(none)   M=C:\BCC55\LIB\CW32.LIB|scanwtod ACBP=A9
 0001:000D3570 0000003A C=CODE    S=_TEXT    G=(none)   M=C:\BCC55\LIB\CW32.LIB|sqrt ACBP=A9
 0001:000D35AC 000002D2 C=CODE    S=_TEXT    G=(none)   M=C:\BCC55\LIB\CW32.LIB|xcvt ACBP=A9
 0001:000D3880 000002F1 C=CODE    S=_TEXT    G=(none)   M=C:\BCC55\LIB\CW32.LIB|xcvtw ACBP=A9
 0001:000D3B74 00000139 C=CODE    S=_TEXT    G=(none)   M=C:\BCC55\LIB\CW32.LIB|mbctype ACBP=A9
 0001:000D3CB0 0000003D C=CODE    S=_TEXT    G=(none)   M=C:\BCC55\LIB\CW32.LIB|mbisalp ACBP=A9
 0001:000D3CF0 0000001A C=CODE    S=_TEXT    G=(none)   M=C:\BCC55\LIB\CW32.LIB|mbisdgt ACBP=A9
 0001:000D3D0C 0000001A C=CODE    S=_TEXT    G=(none)   M=C:\BCC55\LIB\CW32.LIB|mbisspc ACBP=A9
 0001:000D3D28 00000054 C=CODE    S=_TEXT    G=(none)   M=C:\BCC55\LIB\CW32.LIB|mbsnbcpy ACBP=A9
 0001:000D3D7C 000000BF C=CODE    S=_TEXT    G=(none)   M=C:\BCC55\LIB\CW32.LIB|mbsnbicm ACBP=A9
 0001:000D3E3C 00000056 C=CODE    S=_TEXT    G=(none)   M=C:\BCC55\LIB\CW32.LIB|mbsrchr ACBP=A9
 0001:000D3E94 000000A6 C=CODE    S=_TEXT    G=(none)   M=C:\BCC55\LIB\CW32.LIB|assert ACBP=A9
 0001:000D3F3C 000000B8 C=CODE    S=_TEXT    G=(none)   M=C:\BCC55\LIB\CW32.LIB|ermsghlp ACBP=A9
 0001:000D3FF4 00000006 C=CODE    S=_TEXT    G=(none)   M=C:\BCC55\LIB\CW32.LIB|errno ACBP=A9
 0001:000D3FF4 0000019B C=CODE    S=_TEXT    G=(none)   M=C:\BCC55\LIB\CW32.LIB|errormsg ACBP=A9
 0001:000D4190 00000089 C=CODE    S=_TEXT    G=(none)   M=C:\BCC55\LIB\CW32.LIB|platform ACBP=A9
 0001:000D4219 00000013 C=CODE    S=_TEXT    G=(none)   M=C:\BCC55\LIB\CW32.LIB|pureerr ACBP=A9
 0001:000D422C 00000236 C=CODE    S=_TEXT    G=(none)   M=C:\BCC55\LIB\CW32.LIB|qsort ACBP=A9
 0001:000D4464 00000022 C=CODE    S=_TEXT    G=(none)   M=C:\BCC55\LIB\CW32.LIB|abort ACBP=A9
 0001:000D4488 000000A7 C=CODE    S=_TEXT    G=(none)   M=C:\BCC55\LIB\CW32.LIB|exit ACBP=A9
 0001:000D4530 00000057 C=CODE    S=_TEXT    G=(none)   M=C:\BCC55\LIB\CW32.LIB|getenv ACBP=A9
 0001:000D4588 0000001A C=CODE    S=_TEXT    G=(none)   M=C:\BCC55\LIB\CW32.LIB|initwild ACBP=A9
 0001:000D45A4 00000011 C=CODE    S=_TEXT    G=(none)   M=C:\BCC55\LIB\CW32.LIB|exparg ACBP=A9
 0001:000D45B8 00000011 C=CODE    S=_TEXT    G=(none)   M=C:\BCC55\LIB\CW32.LIB|wexparg ACBP=A9
 0001:000D45CC 00000027 C=CODE    S=_TEXT    G=(none)   M=C:\BCC55\LIB\CW32.LIB|initargv ACBP=A9
 0001:000D45F4 0000016C C=CODE    S=_TEXT    G=(none)   M=C:\BCC55\LIB\CW32.LIB|setargv ACBP=A9
 0001:000D4760 000001E5 C=CODE    S=_TEXT    G=(none)   M=C:\BCC55\LIB\CW32.LIB|hsargv ACBP=A9
 0001:000D4948 00000227 C=CODE    S=_TEXT    G=(none)   M=C:\BCC55\LIB\CW32.LIB|whsargv ACBP=A9
 0001:000D4B70 00000045 C=CODE    S=_TEXT    G=(none)   M=C:\BCC55\LIB\CW32.LIB|setargv0 ACBP=A9
 0001:000D4BB8 000001A0 C=CODE    S=_TEXT    G=(none)   M=C:\BCC55\LIB\CW32.LIB|setenvp ACBP=A9
 0001:000D4D58 000002F8 C=CODE    S=_TEXT    G=(none)   M=C:\BCC55\LIB\CW32.LIB|signal ACBP=A9
 0001:000D5050 00000157 C=CODE    S=_TEXT    G=(none)   M=C:\BCC55\LIB\CW32.LIB|initexit ACBP=A9
 0001:000D51A8 000001A4 C=CODE    S=_TEXT    G=(none)   M=C:\BCC55\LIB\CW32.LIB|startup ACBP=A9
 0001:000D534C 0000004F C=CODE    S=_TEXT    G=(none)   M=C:\BCC55\LIB\CW32.LIB|tlsstat ACBP=A9
 0001:000D539C 000002A4 C=CODE    S=_TEXT    G=(none)   M=C:\BCC55\LIB\CW32.LIB|timefunc ACBP=A9
 0001:000D5640 00000006 C=CODE    S=_TEXT    G=(none)   M=C:\BCC55\LIB\CW32.LIB|tzdata ACBP=A9
 0001:000D5648 000001C8 C=CODE    S=_TEXT    G=(none)   M=C:\BCC55\LIB\CW32.LIB|tzset ACBP=A9
 0001:000D5810 00000008 C=CODE    S=_TEXT    G=(none)   M=C:\BCC55\LIB\CW32.LIB|_tzset ACBP=A9
 0001:000D5818 0000004D C=CODE    S=_TEXT    G=(none)   M=C:\BCC55\LIB\CW32.LIB|time ACBP=A9
 0001:000D5868 00001BA2 C=CODE    S=_TEXT    G=(none)   M=C:\BCC55\LIB\CW32.LIB|xx ACBP=A9
 0002:000002B4 000000A4 C=DATA    S=_DATA    G=DGROUP   M=C:\BCC55\LIB\C0W32.OBJ ACBP=A9
 0002:00000358 0000AF74 C=DATA    S=_DATA    G=DGROUP   M=C:\PRG\WSISCOM\AGENDA\AGENDA.OBJ ACBP=A9
 0002:0000B2CC 00000E24 C=DATA    S=_DATA    G=DGROUP   M=C:\FWH612\LIB\FIVEHX.LIB|activex ACBP=A9
 0002:0000C0F0 00000B08 C=DATA    S=_DATA    G=DGROUP   M=C:\FWH612\LIB\FIVEHX.LIB|alert ACBP=A9
 0002:0000CBF8 00003870 C=DATA    S=_DATA    G=DGROUP   M=C:\FWH612\LIB\FIVEHX.LIB|bar ACBP=A9
 0002:00010468 00003500 C=DATA    S=_DATA    G=DGROUP   M=C:\FWH612\LIB\FIVEHX.LIB|bitmap ACBP=A9
 0002:00013968 00000CF0 C=DATA    S=_DATA    G=DGROUP   M=C:\FWH612\LIB\FIVEHX.LIB|brush ACBP=A9
 0002:00014658 00003200 C=DATA    S=_DATA    G=DGROUP   M=C:\FWH612\LIB\FIVEHX.LIB|btnbmp ACBP=A9
 0002:00017858 000011AC C=DATA    S=_DATA    G=DGROUP   M=C:\FWH612\LIB\FIVEHX.LIB|button ACBP=A9
 0002:00018A04 000008B0 C=DATA    S=_DATA    G=DGROUP   M=C:\FWH612\LIB\FIVEHX.LIB|clipbrd ACBP=A9
 0002:000192B4 00002708 C=DATA    S=_DATA    G=DGROUP   M=C:\FWH612\LIB\FIVEHX.LIB|combobox ACBP=A9
 0002:0001B9BC 00004BAC C=DATA    S=_DATA    G=DGROUP   M=C:\FWH612\LIB\FIVEHX.LIB|control ACBP=A9
 0002:00020568 00000868 C=DATA    S=_DATA    G=DGROUP   M=C:\FWH612\LIB\FIVEHX.LIB|cursor ACBP=A9
 0002:00020DD0 00000A30 C=DATA    S=_DATA    G=DGROUP   M=C:\FWH612\LIB\FIVEHX.LIB|dde ACBP=A9
 0002:00021800 000036DC C=DATA    S=_DATA    G=DGROUP   M=C:\FWH612\LIB\FIVEHX.LIB|dialog ACBP=A9
 0002:00024EDC 000005F0 C=DATA    S=_DATA    G=DGROUP   M=C:\FWH612\LIB\FIVEHX.LIB|dlgfind ACBP=A9
 0002:000254CC 00001D14 C=DATA    S=_DATA    G=DGROUP   M=C:\FWH612\LIB\FIVEHX.LIB|errsysw ACBP=A9
 0002:000271E0 000011A0 C=DATA    S=_DATA    G=DGROUP   M=C:\FWH612\LIB\FIVEHX.LIB|filename ACBP=A9
 0002:00028380 00001650 C=DATA    S=_DATA    G=DGROUP   M=C:\FWH612\LIB\FIVEHX.LIB|font ACBP=A9
 0002:000299D0 00000340 C=DATA    S=_DATA    G=DGROUP   M=C:\FWH612\LIB\FIVEHX.LIB|fwerror ACBP=A9
 0002:00029D10 00000450 C=DATA    S=_DATA    G=DGROUP   M=C:\FWH612\LIB\FIVEHX.LIB|getsysin ACBP=A9
 0002:0002A160 000007A0 C=DATA    S=_DATA    G=DGROUP   M=C:\FWH612\LIB\FIVEHX.LIB|gettasks ACBP=A9
 0002:0002A900 00000998 C=DATA    S=_DATA    G=DGROUP   M=C:\FWH612\LIB\FIVEHX.LIB|harbour ACBP=A9
 0002:0002B298 00000AA8 C=DATA    S=_DATA    G=DGROUP   M=C:\FWH612\LIB\FIVEHX.LIB|help32 ACBP=A9
 0002:0002BD40 00000E54 C=DATA    S=_DATA    G=DGROUP   M=C:\FWH612\LIB\FIVEHX.LIB|icon ACBP=A9
 0002:0002CB94 00000A84 C=DATA    S=_DATA    G=DGROUP   M=C:\FWH612\LIB\FIVEHX.LIB|ini ACBP=A9
 0002:0002D618 000025A8 C=DATA    S=_DATA    G=DGROUP   M=C:\FWH612\LIB\FIVEHX.LIB|listbox ACBP=A9
 0002:0002FBC0 00001B14 C=DATA    S=_DATA    G=DGROUP   M=C:\FWH612\LIB\FIVEHX.LIB|mdichild ACBP=A9
 0002:000316D4 00001244 C=DATA    S=_DATA    G=DGROUP   M=C:\FWH612\LIB\FIVEHX.LIB|mdiclien ACBP=A9
 0002:00032918 000016F4 C=DATA    S=_DATA    G=DGROUP   M=C:\FWH612\LIB\FIVEHX.LIB|mdiframe ACBP=A9
 0002:0003400C 00003954 C=DATA    S=_DATA    G=DGROUP   M=C:\FWH612\LIB\FIVEHX.LIB|menu ACBP=A9
 0002:00037960 00001AD0 C=DATA    S=_DATA    G=DGROUP   M=C:\FWH612\LIB\FIVEHX.LIB|menuitem ACBP=A9
 0002:00039430 0000359C C=DATA    S=_DATA    G=DGROUP   M=C:\FWH612\LIB\FIVEHX.LIB|mget ACBP=A9
 0002:0003C9CC 000025A0 C=DATA    S=_DATA    G=DGROUP   M=C:\FWH612\LIB\FIVEHX.LIB|msgbar ACBP=A9
 0002:0003EF6C 000004B0 C=DATA    S=_DATA    G=DGROUP   M=C:\FWH612\LIB\FIVEHX.LIB|msgrun ACBP=A9
 0002:0003F41C 0000047C C=DATA    S=_DATA    G=DGROUP   M=C:\FWH612\LIB\FIVEHX.LIB|pdmenu ACBP=A9
 0002:0003F898 00000340 C=DATA    S=_DATA    G=DGROUP   M=C:\FWH612\LIB\FIVEHX.LIB|pdreport ACBP=A9
 0002:0003FBD8 00000568 C=DATA    S=_DATA    G=DGROUP   M=C:\FWH612\LIB\FIVEHX.LIB|pen ACBP=A9
 0002:00040140 000036CC C=DATA    S=_DATA    G=DGROUP   M=C:\FWH612\LIB\FIVEHX.LIB|printer ACBP=A9
 0002:0004380C 000011E0 C=DATA    S=_DATA    G=DGROUP   M=C:\FWH612\LIB\FIVEHX.LIB|radio ACBP=A9
 0002:000449EC 00000FB4 C=DATA    S=_DATA    G=DGROUP   M=C:\FWH612\LIB\FIVEHX.LIB|radmenu ACBP=A9
 0002:000459A0 000018AC C=DATA    S=_DATA    G=DGROUP   M=C:\FWH612\LIB\FIVEHX.LIB|rcolumn ACBP=A9
 0002:0004724C 000006C4 C=DATA    S=_DATA    G=DGROUP   M=C:\FWH612\LIB\FIVEHX.LIB|rebar ACBP=A9
 0002:00047910 000004A0 C=DATA    S=_DATA    G=DGROUP   M=C:\FWH612\LIB\FIVEHX.LIB|rect ACBP=A9
 0002:00047DB0 00001188 C=DATA    S=_DATA    G=DGROUP   M=C:\FWH612\LIB\FIVEHX.LIB|reg32 ACBP=A9
 0002:00048F38 00006088 C=DATA    S=_DATA    G=DGROUP   M=C:\FWH612\LIB\FIVEHX.LIB|report ACBP=A9
 0002:0004EFC0 00000D60 C=DATA    S=_DATA    G=DGROUP   M=C:\FWH612\LIB\FIVEHX.LIB|rfile ACBP=A9
 0002:0004FD20 000010F4 C=DATA    S=_DATA    G=DGROUP   M=C:\FWH612\LIB\FIVEHX.LIB|rgroup ACBP=A9
 0002:00050E14 00000DF4 C=DATA    S=_DATA    G=DGROUP   M=C:\FWH612\LIB\FIVEHX.LIB|rline ACBP=A9
 0002:00051C08 00003C4C C=DATA    S=_DATA    G=DGROUP   M=C:\FWH612\LIB\FIVEHX.LIB|rpreview ACBP=A9
 0002:00055854 0000145C C=DATA    S=_DATA    G=DGROUP   M=C:\FWH612\LIB\FIVEHX.LIB|say ACBP=A9
 0002:00056CB0 00001708 C=DATA    S=_DATA    G=DGROUP   M=C:\FWH612\LIB\FIVEHX.LIB|scrllbar ACBP=A9
 0002:000583B8 00000F70 C=DATA    S=_DATA    G=DGROUP   M=C:\FWH612\LIB\FIVEHX.LIB|statusba ACBP=A9
 0002:00059328 00000674 C=DATA    S=_DATA    G=DGROUP   M=C:\FWH612\LIB\FIVEHX.LIB|tacctbl ACBP=A9
 0002:0005999C 000002FC C=DATA    S=_DATA    G=DGROUP   M=C:\FWH612\LIB\FIVEHX.LIB|tclipget ACBP=A9
 0002:00059C98 00005420 C=DATA    S=_DATA    G=DGROUP   M=C:\FWH612\LIB\FIVEHX.LIB|tget ACBP=A9
 0002:0005F0B8 00000818 C=DATA    S=_DATA    G=DGROUP   M=C:\FWH612\LIB\FIVEHX.LIB|timaglst ACBP=A9
 0002:0005F8D0 000007D4 C=DATA    S=_DATA    G=DGROUP   M=C:\FWH612\LIB\FIVEHX.LIB|timer ACBP=A9
 0002:000600A4 00001CE4 C=DATA    S=_DATA    G=DGROUP   M=C:\FWH612\LIB\FIVEHX.LIB|tmetafil ACBP=A9
 0002:00061D88 00001038 C=DATA    S=_DATA    G=DGROUP   M=C:\FWH612\LIB\FIVEHX.LIB|tmsgitem ACBP=A9
 0002:00062DC0 00001598 C=DATA    S=_DATA    G=DGROUP   M=C:\FWH612\LIB\FIVEHX.LIB|toolbar ACBP=A9
 0002:00064358 00000E04 C=DATA    S=_DATA    G=DGROUP   M=C:\FWH612\LIB\FIVEHX.LIB|tstruct ACBP=A9
 0002:0006515C 00000290 C=DATA    S=_DATA    G=DGROUP   M=C:\FWH612\LIB\FIVEHX.LIB|valblank ACBP=A9
 0002:000653EC 00007EDC C=DATA    S=_DATA    G=DGROUP   M=C:\FWH612\LIB\FIVEHX.LIB|wbrowse ACBP=A9
 0002:0006D2C8 00009DEC C=DATA    S=_DATA    G=DGROUP   M=C:\FWH612\LIB\FIVEHX.LIB|window ACBP=A9
 0002:000770B4 00000234 C=DATA    S=_DATA    G=DGROUP   M=C:\FWH612\LIB\FIVEHX.LIB|xpad ACBP=A9
 0002:000772E8 0000000C C=DATA    S=_DATA    G=DGROUP   M=C:\FWH612\LIB\FIVEHC.LIB|BARTOOLS ACBP=A9
 0002:000772F4 00000010 C=DATA    S=_DATA    G=DGROUP   M=C:\FWH612\LIB\FIVEHC.LIB|BMPDRAW ACBP=A9
 0002:00077304 00000004 C=DATA    S=_DATA    G=DGROUP   M=C:\FWH612\LIB\FIVEHC.LIB|BMPREAD ACBP=A9
 0002:00077308 00000BB0 C=DATA    S=_DATA    G=DGROUP   M=C:\FWH612\LIB\FIVEHC.LIB|BRUSHES ACBP=A9
 0002:00077EB8 00000006 C=DATA    S=_DATA    G=DGROUP   M=C:\FWH612\LIB\FIVEHC.LIB|CALLDLL ACBP=A9
 0002:00077EC0 0000006C C=DATA    S=_DATA    G=DGROUP   M=C:\FWH612\LIB\FIVEHC.LIB|CALDLL32 ACBP=A9
 0002:00077F2C 00000004 C=DATA    S=_DATA    G=DGROUP   M=C:\FWH612\LIB\FIVEHC.LIB|CLPBRD ACBP=A9
 0002:00077F30 00000008 C=DATA    S=_DATA    G=DGROUP   M=C:\FWH612\LIB\FIVEHC.LIB|CREATEPA ACBP=A9
 0002:00077F38 00000008 C=DATA    S=_DATA    G=DGROUP   M=C:\FWH612\LIB\FIVEHC.LIB|CREATESO ACBP=A9
 0002:00077F40 00000288 C=DATA    S=_DATA    G=DGROUP   M=C:\FWH612\LIB\FIVEHC.LIB|CTLHDLEH ACBP=A9
 0002:000781C8 00000004 C=DATA    S=_DATA    G=DGROUP   M=C:\FWH612\LIB\FIVEHC.LIB|CTRL2CHR ACBP=A9
 0002:000781CC 0000042C C=DATA    S=_DATA    G=DGROUP   M=C:\FWH612\LIB\FIVEHC.LIB|CURSORS ACBP=A9
 0002:000785F8 0000007C C=DATA    S=_DATA    G=DGROUP   M=C:\FWH612\LIB\FIVEHC.LIB|DEVICE ACBP=A9
 0002:00078674 00000004 C=DATA    S=_DATA    G=DGROUP   M=C:\FWH612\LIB\FIVEHC.LIB|DIB ACBP=A9
 0002:00078678 00000004 C=DATA    S=_DATA    G=DGROUP   M=C:\FWH612\LIB\FIVEHC.LIB|DRAWITEM ACBP=A9
 0002:0007867C 00000018 C=DATA    S=_DATA    G=DGROUP   M=C:\FWH612\LIB\FIVEHC.LIB|FINDTEXT ACBP=A9
 0002:00078694 00000010 C=DATA    S=_DATA    G=DGROUP   M=C:\FWH612\LIB\FIVEHC.LIB|FONTS ACBP=A9
 0002:000786A4 00000004 C=DATA    S=_DATA    G=DGROUP   M=C:\FWH612\LIB\FIVEHC.LIB|FTEXT ACBP=A9
 0002:000786A8 0000000C C=DATA    S=_DATA    G=DGROUP   M=C:\FWH612\LIB\FIVEHC.LIB|FWBMP ACBP=A9
 0002:000786B4 00000022 C=DATA    S=_DATA    G=DGROUP   M=C:\FWH612\LIB\FIVEHC.LIB|FWPALCTL ACBP=A9
 0002:000786D8 0000000C C=DATA    S=_DATA    G=DGROUP   M=C:\FWH612\LIB\FIVEHC.LIB|FFWNDRUN ACBP=A9
 0002:000786E4 00000028 C=DATA    S=_DATA    G=DGROUP   M=C:\FWH612\LIB\FIVEHC.LIB|GETFILE ACBP=A9
 0002:0007870C 0000000D C=DATA    S=_DATA    G=DGROUP   M=C:\FWH612\LIB\FIVEHC.LIB|HANDLIST ACBP=A9
 0002:0007871C 0000000C C=DATA    S=_DATA    G=DGROUP   M=C:\FWH612\LIB\FIVEHC.LIB|HARBOURC ACBP=A9
 0002:00078728 00000004 C=DATA    S=_DATA    G=DGROUP   M=C:\FWH612\LIB\FIVEHC.LIB|HELP ACBP=A9
 0002:0007872C 00000010 C=DATA    S=_DATA    G=DGROUP   M=C:\FWH612\LIB\FIVEHC.LIB|ICONS ACBP=A9
 0002:0007873C 000000A0 C=DATA    S=_DATA    G=DGROUP   M=C:\FWH612\LIB\FIVEHC.LIB|IMAGELIS ACBP=A9
 0002:000787DC 00000004 C=DATA    S=_DATA    G=DGROUP   M=C:\FWH612\LIB\FIVEHC.LIB|INSTANCE ACBP=A9
 0002:000787E0 00000004 C=DATA    S=_DATA    G=DGROUP   M=C:\FWH612\LIB\FIVEHC.LIB|LBX ACBP=A9
 0002:000787E4 00000004 C=DATA    S=_DATA    G=DGROUP   M=C:\FWH612\LIB\FIVEHC.LIB|LOADBMP ACBP=A9
 0002:000787E8 000000A8 C=DATA    S=_DATA    G=DGROUP   M=C:\FWH612\LIB\FIVEHC.LIB|METAFI32 ACBP=A9
 0002:00078890 00000008 C=DATA    S=_DATA    G=DGROUP   M=C:\FWH612\LIB\FIVEHC.LIB|MGETCREA ACBP=A9
 0002:00078898 000000B0 C=DATA    S=_DATA    G=DGROUP   M=C:\FWH612\LIB\FIVEHC.LIB|MSGS ACBP=A9
 0002:00078948 00000004 C=DATA    S=_DATA    G=DGROUP   M=C:\FWH612\LIB\FIVEHC.LIB|MSGTOOLS ACBP=A9
 0002:0007894C 00000004 C=DATA    S=_DATA    G=DGROUP   M=C:\FWH612\LIB\FIVEHC.LIB|OEMANSI ACBP=A9
 0002:00078950 000001A4 C=DATA    S=_DATA    G=DGROUP   M=C:\FWH612\LIB\FIVEHC.LIB|ole ACBP=A9
 0002:00078AF4 00000004 C=DATA    S=_DATA    G=DGROUP   M=C:\FWH612\LIB\FIVEHC.LIB|OR ACBP=A9
 0002:00078AF8 00000004 C=DATA    S=_DATA    G=DGROUP   M=C:\FWH612\LIB\FIVEHC.LIB|PROFILE ACBP=A9
 0002:00078AFC 00000010 C=DATA    S=_DATA    G=DGROUP   M=C:\FWH612\LIB\FIVEHC.LIB|RECTS ACBP=A9
 0002:00078B0C 00000028 C=DATA    S=_DATA    G=DGROUP   M=C:\FWH612\LIB\FIVEHC.LIB|RESCHECK ACBP=A9
 0002:00078B34 00000008 C=DATA    S=_DATA    G=DGROUP   M=C:\FWH612\LIB\FIVEHC.LIB|RESOURCE ACBP=A9
 0002:00078B3C 00000018 C=DATA    S=_DATA    G=DGROUP   M=C:\FWH612\LIB\FIVEHC.LIB|SCROLL ACBP=A9
 0002:00078B54 00000004 C=DATA    S=_DATA    G=DGROUP   M=C:\FWH612\LIB\FIVEHC.LIB|SETTEXT ACBP=A9
 0002:00078B58 00000178 C=DATA    S=_DATA    G=DGROUP   M=C:\FWH612\LIB\FIVEHC.LIB|THEMES ACBP=A9
 0002:00078CD0 00000004 C=DATA    S=_DATA    G=DGROUP   M=C:\FWH612\LIB\FIVEHC.LIB|WBRWLINE ACBP=A9
 0002:00078CD0 00000018 C=DATA    S=_DATA    G=DGROUP   M=C:\FWH612\LIB\FIVEHC.LIB|WMOUSE ACBP=A9
 0002:00078CE8 00000048 C=DATA    S=_DATA    G=DGROUP   M=C:\FWH612\LIB\FIVEHC.LIB|WNDMOVE ACBP=A9
 0002:00078D30 00000014 C=DATA    S=_DATA    G=DGROUP   M=C:\FWH612\LIB\FIVEHC.LIB|WNDRUN ACBP=A9
 0002:00078D44 00000018 C=DATA    S=_DATA    G=DGROUP   M=C:\FWH612\LIB\FIVEHC.LIB|__WNDPRO ACBP=A9
 0002:00078D5C 000003D4 C=DATA    S=_DATA    G=DGROUP   M=C:\FWH612\LIB\FIVEHC.LIB|ACTX ACBP=A9
 0002:00079130 00000014 C=DATA    S=_DATA    G=DGROUP   M=C:\FWH612\LIB\FIVEHC.LIB|TOOLBARS ACBP=A9
 0002:00079144 00000014 C=DATA    S=_DATA    G=DGROUP   M=C:\FWH612\LIB\FIVEHC.LIB|TOOLTIP ACBP=A9
 0002:00079158 00000008 C=DATA    S=_DATA    G=DGROUP   M=C:\FWH612\LIB\FIVEHC.LIB|DLGBOX ACBP=A9
 0002:00079160 00000024 C=DATA    S=_DATA    G=DGROUP   M=C:\FWH612\LIB\FIVEHC.LIB|FFDLGPRC ACBP=A9
 0002:00079184 00000004 C=DATA    S=_DATA    G=DGROUP   M=C:\FWH612\LIB\FIVEHC.LIB|GETTEXT ACBP=A9
 0002:00079188 00000074 C=DATA    S=_DATA    G=DGROUP   M=C:\FWH612\LIB\FIVEHC.LIB|CTL3D ACBP=A9
 0002:000791FC 00000018 C=DATA    S=_DATA    G=DGROUP   M=C:\FWH612\LIB\FIVEHC.LIB|PRINTDC ACBP=A9
 0002:00079214 0000004D C=DATA    S=_DATA    G=DGROUP   M=C:\XHARBOUR\LIB\HBZIP.LIB|ziparchive ACBP=A9
 0002:00079260 00000004 C=DATA    S=_DATA    G=DGROUP   M=C:\XHARBOUR\LIB\RTL.LIB|abs ACBP=A9
 0002:00079264 0000000C C=DATA    S=_DATA    G=DGROUP   M=C:\XHARBOUR\LIB\RTL.LIB|at ACBP=A9
 0002:00079270 000004B0 C=DATA    S=_DATA    G=DGROUP   M=C:\XHARBOUR\LIB\RTL.LIB|cdpapi ACBP=A9
 0002:00079720 00000008 C=DATA    S=_DATA    G=DGROUP   M=C:\XHARBOUR\LIB\RTL.LIB|chrasc ACBP=A9
 0002:00079728 00000004 C=DATA    S=_DATA    G=DGROUP   M=C:\XHARBOUR\LIB\RTL.LIB|colorind ACBP=A9
 0002:0007972C 00000040 C=DATA    S=_DATA    G=DGROUP   M=C:\XHARBOUR\LIB\RTL.LIB|console ACBP=A9
 0002:0007976C 00000010 C=DATA    S=_DATA    G=DGROUP   M=C:\XHARBOUR\LIB\RTL.LIB|datec ACBP=A9
 0002:0007977C 0000005C C=DATA    S=_DATA    G=DGROUP   M=C:\XHARBOUR\LIB\RTL.LIB|dateshb ACBP=A9
 0002:000797D8 00000078 C=DATA    S=_DATA    G=DGROUP   M=C:\XHARBOUR\LIB\RTL.LIB|direct ACBP=A9
 0002:00079850 00000004 C=DATA    S=_DATA    G=DGROUP   M=C:\XHARBOUR\LIB\RTL.LIB|file ACBP=A9
 0002:00079854 0000004C C=DATA    S=_DATA    G=DGROUP   M=C:\XHARBOUR\LIB\RTL.LIB|filebuf ACBP=A9
 0002:000798A0 00000018 C=DATA    S=_DATA    G=DGROUP   M=C:\XHARBOUR\LIB\RTL.LIB|filesys ACBP=A9
 0002:000798B8 00000004 C=DATA    S=_DATA    G=DGROUP   M=C:\XHARBOUR\LIB\RTL.LIB|fparse ACBP=A9
 0002:000798BC 00000004 C=DATA    S=_DATA    G=DGROUP   M=C:\XHARBOUR\LIB\RTL.LIB|fstemp ACBP=A9
 0002:000798C0 00000004 C=DATA    S=_DATA    G=DGROUP   M=C:\XHARBOUR\LIB\RTL.LIB|gete ACBP=A9
 0002:000798C4 0000001C C=DATA    S=_DATA    G=DGROUP   M=C:\XHARBOUR\LIB\RTL.LIB|gtapi ACBP=A9
 0002:000798E0 00000060 C=DATA    S=_DATA    G=DGROUP   M=C:\XHARBOUR\LIB\RTL.LIB|hbbitf ACBP=A9
 0002:00079940 00000360 C=DATA    S=_DATA    G=DGROUP   M=C:\XHARBOUR\LIB\RTL.LIB|hbserv ACBP=A9
 0002:00079CA0 00000020 C=DATA    S=_DATA    G=DGROUP   M=C:\XHARBOUR\LIB\RTL.LIB|hbffind ACBP=A9
 0002:00079CC0 00000294 C=DATA    S=_DATA    G=DGROUP   M=C:\XHARBOUR\LIB\RTL.LIB|hbgtcore ACBP=A9
 0002:00079F54 00000024 C=DATA    S=_DATA    G=DGROUP   M=C:\XHARBOUR\LIB\RTL.LIB|hbhex2n ACBP=A9
 0002:00079F78 00000004 C=DATA    S=_DATA    G=DGROUP   M=C:\XHARBOUR\LIB\RTL.LIB|hbrandom ACBP=A9
 0002:00079F7C 00000018 C=DATA    S=_DATA    G=DGROUP   M=C:\XHARBOUR\LIB\RTL.LIB|idle ACBP=A9
 0002:00079F94 0000000C C=DATA    S=_DATA    G=DGROUP   M=C:\XHARBOUR\LIB\RTL.LIB|inkey ACBP=A9
 0002:00079FA0 00000060 C=DATA    S=_DATA    G=DGROUP   M=C:\XHARBOUR\LIB\RTL.LIB|langapi ACBP=A9
 0002:0007A000 00000008 C=DATA    S=_DATA    G=DGROUP   M=C:\XHARBOUR\LIB\RTL.LIB|left ACBP=A9
 0002:0007A008 00000004 C=DATA    S=_DATA    G=DGROUP   M=C:\XHARBOUR\LIB\RTL.LIB|len ACBP=A9
 0002:0007A00C 00000154 C=DATA    S=_DATA    G=DGROUP   M=C:\XHARBOUR\LIB\RTL.LIB|math ACBP=A9
 0002:0007A160 00000008 C=DATA    S=_DATA    G=DGROUP   M=C:\XHARBOUR\LIB\RTL.LIB|minmax ACBP=A9
 0002:0007A168 00000004 C=DATA    S=_DATA    G=DGROUP   M=C:\XHARBOUR\LIB\RTL.LIB|padc ACBP=A9
 0002:0007A16C 00000004 C=DATA    S=_DATA    G=DGROUP   M=C:\XHARBOUR\LIB\RTL.LIB|padl ACBP=A9
 0002:0007A170 00000004 C=DATA    S=_DATA    G=DGROUP   M=C:\XHARBOUR\LIB\RTL.LIB|padr ACBP=A9
 0002:0007A174 000000E4 C=DATA    S=_DATA    G=DGROUP   M=C:\XHARBOUR\LIB\RTL.LIB|philes ACBP=A9
 0002:0007A258 00000018 C=DATA    S=_DATA    G=DGROUP   M=C:\XHARBOUR\LIB\RTL.LIB|philesx ACBP=A9
 0002:0007A270 0000000C C=DATA    S=_DATA    G=DGROUP   M=C:\XHARBOUR\LIB\RTL.LIB|replic ACBP=A9
 0002:0007A27C 00000008 C=DATA    S=_DATA    G=DGROUP   M=C:\XHARBOUR\LIB\RTL.LIB|right ACBP=A9
 0002:0007A284 0000000C C=DATA    S=_DATA    G=DGROUP   M=C:\XHARBOUR\LIB\RTL.LIB|round ACBP=A9
 0002:0007A290 00000008 C=DATA    S=_DATA    G=DGROUP   M=C:\XHARBOUR\LIB\RTL.LIB|seconds ACBP=A9
 0002:0007A298 000000D4 C=DATA    S=_DATA    G=DGROUP   M=C:\XHARBOUR\LIB\RTL.LIB|regex ACBP=A9
 0002:0007A36C 00000004 C=DATA    S=_DATA    G=DGROUP   M=C:\XHARBOUR\LIB\RTL.LIB|setcolor ACBP=A9
 0002:0007A370 00000008 C=DATA    S=_DATA    G=DGROUP   M=C:\XHARBOUR\LIB\RTL.LIB|space ACBP=A9
 0002:0007A378 00000004 C=DATA    S=_DATA    G=DGROUP   M=C:\XHARBOUR\LIB\RTL.LIB|spfiles ACBP=A9
 0002:0007A37C 00000004 C=DATA    S=_DATA    G=DGROUP   M=C:\XHARBOUR\LIB\RTL.LIB|str ACBP=A9
 0002:0007A380 0000000C C=DATA    S=_DATA    G=DGROUP   M=C:\XHARBOUR\LIB\RTL.LIB|strcase ACBP=A9
 0002:0007A38C 00000004 C=DATA    S=_DATA    G=DGROUP   M=C:\XHARBOUR\LIB\RTL.LIB|strdel ACBP=A9
 0002:0007A390 0000000C C=DATA    S=_DATA    G=DGROUP   M=C:\XHARBOUR\LIB\RTL.LIB|strtran ACBP=A9
 0002:0007A39C 0000000C C=DATA    S=_DATA    G=DGROUP   M=C:\XHARBOUR\LIB\RTL.LIB|strzero ACBP=A9
 0002:0007A3A8 00000004 C=DATA    S=_DATA    G=DGROUP   M=C:\XHARBOUR\LIB\RTL.LIB|stuff ACBP=A9
 0002:0007A3AC 00000008 C=DATA    S=_DATA    G=DGROUP   M=C:\XHARBOUR\LIB\RTL.LIB|substr ACBP=A9
 0002:0007A3B4 000000C0 C=DATA    S=_DATA    G=DGROUP   M=C:\XHARBOUR\LIB\RTL.LIB|tprinter ACBP=A9
 0002:0007A474 00000030 C=DATA    S=_DATA    G=DGROUP   M=C:\XHARBOUR\LIB\RTL.LIB|trace ACBP=A9
 0002:0007A4A4 00000170 C=DATA    S=_DATA    G=DGROUP   M=C:\XHARBOUR\LIB\RTL.LIB|transfrm ACBP=A9
 0002:0007A614 00000010 C=DATA    S=_DATA    G=DGROUP   M=C:\XHARBOUR\LIB\RTL.LIB|trim ACBP=A9
 0002:0007A624 00000008 C=DATA    S=_DATA    G=DGROUP   M=C:\XHARBOUR\LIB\RTL.LIB|type ACBP=A9
 0002:0007A62C 0000000C C=DATA    S=_DATA    G=DGROUP   M=C:\XHARBOUR\LIB\RTL.LIB|valtype ACBP=A9
 0002:0007A638 00000020 C=DATA    S=_DATA    G=DGROUP   M=C:\XHARBOUR\LIB\RTL.LIB|version ACBP=A9
 0002:0007A658 00000008 C=DATA    S=_DATA    G=DGROUP   M=C:\XHARBOUR\LIB\RTL.LIB|word ACBP=A9
 0002:0007A660 00000008 C=DATA    S=_DATA    G=DGROUP   M=C:\XHARBOUR\LIB\RTL.LIB|xhelp ACBP=A9
 0002:0007A668 00000004 C=DATA    S=_DATA    G=DGROUP   M=C:\XHARBOUR\LIB\RTL.LIB|xsavescr ACBP=A9
 0002:0007A66C 00001688 C=DATA    S=_DATA    G=DGROUP   M=C:\XHARBOUR\LIB\RTL.LIB|cstr ACBP=A9
 0002:0007BCF4 000000DC C=DATA    S=_DATA    G=DGROUP   M=C:\XHARBOUR\LIB\RTL.LIB|memvarbl ACBP=A9
 0002:0007BDD0 00001018 C=DATA    S=_DATA    G=DGROUP   M=C:\XHARBOUR\LIB\RTL.LIB|objfunc ACBP=A9
 0002:0007CDE8 0000177C C=DATA    S=_DATA    G=DGROUP   M=C:\XHARBOUR\LIB\RTL.LIB|tclass ACBP=A9
 0002:0007E564 000067D4 C=DATA    S=_DATA    G=DGROUP   M=C:\XHARBOUR\LIB\RTL.LIB|tget ACBP=A9
 0002:00084D38 00000BD4 C=DATA    S=_DATA    G=DGROUP   M=C:\XHARBOUR\LIB\RTL.LIB|tobject ACBP=A9
 0002:0008590C 00000494 C=DATA    S=_DATA    G=DGROUP   M=C:\XHARBOUR\LIB\RTL.LIB|traceprg ACBP=A9
 0002:00085DA0 00001780 C=DATA    S=_DATA    G=DGROUP   M=C:\XHARBOUR\LIB\RTL.LIB|tscalar ACBP=A9
 0002:00087520 00001B0C C=DATA    S=_DATA    G=DGROUP   M=C:\XHARBOUR\LIB\VM.LIB|hvmall ACBP=A9
 0002:0008902C 00000120 C=DATA    S=_DATA    G=DGROUP   M=C:\XHARBOUR\LIB\VM.LIB|cmdarg ACBP=A9
 0002:0008914C 000000E0 C=DATA    S=_DATA    G=DGROUP   M=C:\XHARBOUR\LIB\VM.LIB|hbi18n ACBP=A9
 0002:0008922C 00000568 C=DATA    S=_DATA    G=DGROUP   M=C:\XHARBOUR\LIB\VM.LIB|initsymb ACBP=A9
 0002:00089794 00000008 C=DATA    S=_DATA    G=DGROUP   M=C:\XHARBOUR\LIB\VM.LIB|throw ACBP=A9
 0002:0008979C 00000438 C=DATA    S=_DATA    G=DGROUP   M=C:\XHARBOUR\LIB\VM.LIB|harbinit ACBP=A9
 0002:00089BD4 00000010 C=DATA    S=_DATA    G=DGROUP   M=C:\XHARBOUR\LIB\VM.LIB|bkgtsks ACBP=A9
 0002:00089BE4 00000008 C=DATA    S=_DATA    G=DGROUP   M=C:\XHARBOUR\LIB\VM.LIB|mainwin ACBP=A9
 0002:00089BEC 000009A0 C=DATA    S=_DATA    G=DGROUP   M=C:\XHARBOUR\LIB\LANG.LIB|msgen ACBP=A9
 0002:0008A58C 00000A84 C=DATA    S=_DATA    G=DGROUP   M=C:\XHARBOUR\LIB\LANG.LIB|msgpt ACBP=A9
 0002:0008B010 00002104 C=DATA    S=_DATA    G=DGROUP   M=C:\XHARBOUR\LIB\MACRO.LIB|macroy ACBP=A9
 0002:0008D114 0000003F C=DATA    S=_DATA    G=DGROUP   M=C:\XHARBOUR\LIB\MACRO.LIB|macroa ACBP=A9
 0002:0008D154 00000170 C=DATA    S=_DATA    G=DGROUP   M=C:\XHARBOUR\LIB\MACRO.LIB|macrob ACBP=A9
 0002:0008D2C4 00000D18 C=DATA    S=_DATA    G=DGROUP   M=C:\XHARBOUR\LIB\MACRO.LIB|macroslx ACBP=A9
 0002:0008DFDC 00000018 C=DATA    S=_DATA    G=DGROUP   M=C:\XHARBOUR\LIB\RDD.LIB|dbcmd ACBP=A9
 0002:0008DFF4 000001E0 C=DATA    S=_DATA    G=DGROUP   M=C:\XHARBOUR\LIB\RDD.LIB|workarea ACBP=A9
 0002:0008E1D4 00000034 C=DATA    S=_DATA    G=DGROUP   M=C:\XHARBOUR\LIB\RDD.LIB|wacore ACBP=A9
 0002:0008E208 00000030 C=DATA    S=_DATA    G=DGROUP   M=C:\XHARBOUR\LIB\RDD.LIB|wafunc ACBP=A9
 0002:0008E238 000002A0 C=DATA    S=_DATA    G=DGROUP   M=C:\XHARBOUR\LIB\RDD.LIB|dbf1 ACBP=A9
 0002:0008E4D8 000002E4 C=DATA    S=_DATA    G=DGROUP   M=C:\XHARBOUR\LIB\RDD.LIB|rddord ACBP=A9
 0002:0008E7BC 00000074 C=DATA    S=_DATA    G=DGROUP   M=C:\XHARBOUR\LIB\RDD.LIB|rddsys ACBP=A9
 0002:0008E830 000004A0 C=DATA    S=_DATA    G=DGROUP   M=C:\XHARBOUR\LIB\DBFNTX.LIB|dbfntx1 ACBP=A9
 0002:0008ECD0 00000EB0 C=DATA    S=_DATA    G=DGROUP   M=C:\XHARBOUR\LIB\DBFCDX.LIB|dbfcdx1 ACBP=A9
 0002:0008FB80 00000280 C=DATA    S=_DATA    G=DGROUP   M=C:\XHARBOUR\LIB\DBFFPT.LIB|dbffpt1 ACBP=A9
 0002:0008FE00 00000008 C=DATA    S=_DATA    G=DGROUP   M=C:\XHARBOUR\LIB\COMMON.LIB|hbfsapi ACBP=A9
 0002:0008FE08 00000040 C=DATA    S=_DATA    G=DGROUP   M=C:\XHARBOUR\LIB\COMMON.LIB|hbgete ACBP=A9
 0002:0008FE48 00000694 C=DATA    S=_DATA    G=DGROUP   M=C:\XHARBOUR\LIB\COMMON.LIB|hbstr ACBP=A9
 0002:000904DC 0000002C C=DATA    S=_DATA    G=DGROUP   M=C:\XHARBOUR\LIB\COMMON.LIB|hbprintf ACBP=A9
 0002:00090508 000000C0 C=DATA    S=_DATA    G=DGROUP   M=C:\XHARBOUR\LIB\COMMON.LIB|hbtrace ACBP=A9
 0002:000905C8 0000110C C=DATA    S=_DATA    G=DGROUP   M=C:\XHARBOUR\LIB\COMMON.LIB|hbver ACBP=A9
 0002:000916D4 000001BC C=DATA    S=_DATA    G=DGROUP   M=C:\XHARBOUR\LIB\COMMON.LIB|expropt1 ACBP=A9
 0002:00091890 0000025C C=DATA    S=_DATA    G=DGROUP   M=C:\XHARBOUR\LIB\COMMON.LIB|reserved ACBP=A9
 0002:00091AEC 00000094 C=DATA    S=_DATA    G=DGROUP   M=C:\XHARBOUR\LIB\COMMON.LIB|hbdate ACBP=A9
 0002:00091B80 00000440 C=DATA    S=_DATA    G=DGROUP   M=C:\XHARBOUR\LIB\PCREPOS.LIB|pcre_chartables ACBP=A9
 0002:00091FC0 00000F58 C=DATA    S=_DATA    G=DGROUP   M=C:\XHARBOUR\LIB\PCREPOS.LIB|pcre_compile ACBP=A9
 0002:00092F18 0000000C C=DATA    S=_DATA    G=DGROUP   M=C:\XHARBOUR\LIB\PCREPOS.LIB|pcre_exec ACBP=A9
 0002:00092F24 00000014 C=DATA    S=_DATA    G=DGROUP   M=C:\XHARBOUR\LIB\PCREPOS.LIB|pcre_globals ACBP=A9
 0002:00092F38 000009C4 C=DATA    S=_DATA    G=DGROUP   M=C:\XHARBOUR\LIB\PCREPOS.LIB|pcre_tables ACBP=A9
 0002:000938FC 00000024 C=DATA    S=_DATA    G=DGROUP   M=C:\XHARBOUR\LIB\PCREPOS.LIB|pcre_version ACBP=A9
 0002:00093920 000002D4 C=DATA    S=_DATA    G=DGROUP   M=C:\XHARBOUR\LIB\PCREPOS.LIB|pcreposix ACBP=A9
 0002:00093BF4 0000005C C=DATA    S=_DATA    G=DGROUP   M=C:\BCC55\LIB\CW32.LIB|new ACBP=A9
 0002:00093C3C 00000088 C=DATA    S=_DATA    G=DGROUP   M=C:\BCC55\LIB\CW32.LIB|setnew ACBP=A9
 0002:00093CB0 00000004 C=DATA    S=_DATA    G=DGROUP   M=C:\BCC55\LIB\CW32.LIB|virtmem ACBP=A9
 0002:00093CB4 00000098 C=DATA    S=_DATA    G=DGROUP   M=C:\BCC55\LIB\CW32.LIB|hrdir_b ACBP=A9
 0002:00093D4C 00000020 C=DATA    S=_DATA    G=DGROUP   M=C:\BCC55\LIB\CW32.LIB|hrdir_s ACBP=A9
 0002:00093D6C 00000040 C=DATA    S=_DATA    G=DGROUP   M=C:\BCC55\LIB\CW32.LIB|heap ACBP=A9
 0002:00093DAC 00000095 C=DATA    S=_DATA    G=DGROUP   M=C:\BCC55\LIB\CW32.LIB|stdexcpt ACBP=A9
 0002:00093E40 00000014 C=DATA    S=_DATA    G=DGROUP   M=C:\BCC55\LIB\CW32.LIB|strerror ACBP=A9
 0002:00093E54 00000004 C=DATA    S=_DATA    G=DGROUP   M=C:\BCC55\LIB\CW32.LIB|xx_xpf ACBP=A9
 0002:00093E58 00000330 C=DATA    S=_DATA    G=DGROUP   M=C:\BCC55\LIB\CW32.LIB|xxtype ACBP=A9
 0002:00094178 0000003C C=DATA    S=_DATA    G=DGROUP   M=C:\BCC55\LIB\CW32.LIB|xxut ACBP=A9
 0002:000941B4 000000E4 C=DATA    S=_DATA    G=DGROUP   M=C:\BCC55\LIB\CW32.LIB|xxv ACBP=A9
 0002:00094298 00000014 C=DATA    S=_DATA    G=DGROUP   M=C:\BCC55\LIB\CW32.LIB|except ACBP=A9
 0002:000942AC 0000000C C=DATA    S=_DATA    G=DGROUP   M=C:\BCC55\LIB\CW32.LIB|__dup2 ACBP=A9
 0002:000942B8 00000004 C=DATA    S=_DATA    G=DGROUP   M=C:\BCC55\LIB\CW32.LIB|_cfinfo ACBP=A9
 0002:000942BC 00000004 C=DATA    S=_DATA    G=DGROUP   M=C:\BCC55\LIB\CW32.LIB|_umask ACBP=A9
 0002:000942C0 00000004 C=DATA    S=_DATA    G=DGROUP   M=C:\BCC55\LIB\CW32.LIB|cfinfo ACBP=A9
 0002:000942C4 000004B0 C=DATA    S=_DATA    G=DGROUP   M=C:\BCC55\LIB\CW32.LIB|files ACBP=A9
 0002:00094774 000000CC C=DATA    S=_DATA    G=DGROUP   M=C:\BCC55\LIB\CW32.LIB|files2 ACBP=A9
 0002:00094840 00000004 C=DATA    S=_DATA    G=DGROUP   M=C:\BCC55\LIB\CW32.LIB|fmode ACBP=A9
 0002:00094844 00000004 C=DATA    S=_DATA    G=DGROUP   M=C:\BCC55\LIB\CW32.LIB|fmodeptr ACBP=A9
 0002:00094848 0000012B C=DATA    S=_DATA    G=DGROUP   M=C:\BCC55\LIB\CW32.LIB|ioerror ACBP=A9
 0002:00094974 0000000C C=DATA    S=_DATA    G=DGROUP   M=C:\BCC55\LIB\CW32.LIB|mkname ACBP=A9
 0002:00094980 0000047C C=DATA    S=_DATA    G=DGROUP   M=C:\BCC55\LIB\CW32.LIB|perror ACBP=A9
 0002:00094DFC 00000076 C=DATA    S=_DATA    G=DGROUP   M=C:\BCC55\LIB\CW32.LIB|vprinter ACBP=A9
 0002:00094E74 00000202 C=DATA    S=_DATA    G=DGROUP   M=C:\BCC55\LIB\CW32.LIB|bigctype ACBP=A9
 0002:00095078 00000100 C=DATA    S=_DATA    G=DGROUP   M=C:\BCC55\LIB\CW32.LIB|cupper ACBP=A9
 0002:00095178 00000260 C=DATA    S=_DATA    G=DGROUP   M=C:\BCC55\LIB\CW32.LIB|clocale ACBP=A9
 0002:000953D8 00000010 C=DATA    S=_DATA    G=DGROUP   M=C:\BCC55\LIB\CW32.LIB|_matherr ACBP=A9
 0002:000953E8 000000C0 C=DATA    S=_DATA    G=DGROUP   M=C:\BCC55\LIB\CW32.LIB|_pow10 ACBP=A9
 0002:000954A8 00000068 C=DATA    S=_DATA    G=DGROUP   M=C:\BCC55\LIB\CW32.LIB|cvtfak ACBP=A9
 0002:00095510 00000068 C=DATA    S=_DATA    G=DGROUP   M=C:\BCC55\LIB\CW32.LIB|cvtfakw ACBP=A9
 0002:00095578 00000004 C=DATA    S=_DATA    G=DGROUP   M=C:\BCC55\LIB\CW32.LIB|deflt87 ACBP=A9
 0002:0009557C 0000000C C=DATA    S=_DATA    G=DGROUP   M=C:\BCC55\LIB\CW32.LIB|exp ACBP=A9
 0002:00095588 00000012 C=DATA    S=_DATA    G=DGROUP   M=C:\BCC55\LIB\CW32.LIB|f87exp ACBP=A9
 0002:0009559C 00000016 C=DATA    S=_DATA    G=DGROUP   M=C:\BCC55\LIB\CW32.LIB|f87log ACBP=A9
 0002:000955B4 0000007C C=DATA    S=_DATA    G=DGROUP   M=C:\BCC55\LIB\CW32.LIB|hugeval ACBP=A9
 0002:00095630 00000008 C=DATA    S=_DATA    G=DGROUP   M=C:\BCC55\LIB\CW32.LIB|initcvt ACBP=A9
 0002:00095638 0000000C C=DATA    S=_DATA    G=DGROUP   M=C:\BCC55\LIB\CW32.LIB|log ACBP=A9
 0002:00095644 00000008 C=DATA    S=_DATA    G=DGROUP   M=C:\BCC55\LIB\CW32.LIB|mathptr ACBP=A9
 0002:0009564C 00000044 C=DATA    S=_DATA    G=DGROUP   M=C:\BCC55\LIB\CW32.LIB|mathwhy ACBP=A9
 0002:00095690 0000001C C=DATA    S=_DATA    G=DGROUP   M=C:\BCC55\LIB\CW32.LIB|pow ACBP=A9
 0002:000956AC 00000008 C=DATA    S=_DATA    G=DGROUP   M=C:\BCC55\LIB\CW32.LIB|rand ACBP=A9
 0002:000956B4 00000014 C=DATA    S=_DATA    G=DGROUP   M=C:\BCC55\LIB\CW32.LIB|realcvt ACBP=A9
 0002:000956C8 00000028 C=DATA    S=_DATA    G=DGROUP   M=C:\BCC55\LIB\CW32.LIB|realcvtw ACBP=A9
 0002:000956F0 00000028 C=DATA    S=_DATA    G=DGROUP   M=C:\BCC55\LIB\CW32.LIB|scantod ACBP=A9
 0002:00095718 00000028 C=DATA    S=_DATA    G=DGROUP   M=C:\BCC55\LIB\CW32.LIB|scanwtod ACBP=A9
 0002:00095740 00000010 C=DATA    S=_DATA    G=DGROUP   M=C:\BCC55\LIB\CW32.LIB|sqrt ACBP=A9
 0002:00095750 00000048 C=DATA    S=_DATA    G=DGROUP   M=C:\BCC55\LIB\CW32.LIB|mbctype ACBP=A9
 0002:00095798 00000024 C=DATA    S=_DATA    G=DGROUP   M=C:\BCC55\LIB\CW32.LIB|assert ACBP=A9
 0002:000957BC 00000024 C=DATA    S=_DATA    G=DGROUP   M=C:\BCC55\LIB\CW32.LIB|ermsghlp ACBP=A9
 0002:000957E0 00000004 C=DATA    S=_DATA    G=DGROUP   M=C:\BCC55\LIB\CW32.LIB|errno ACBP=A9
 0002:000957E4 00000010 C=DATA    S=_DATA    G=DGROUP   M=C:\BCC55\LIB\CW32.LIB|errormsg ACBP=A9
 0002:000957F4 00000028 C=DATA    S=_DATA    G=DGROUP   M=C:\BCC55\LIB\CW32.LIB|platform ACBP=A9
 0002:0009581C 00000020 C=DATA    S=_DATA    G=DGROUP   M=C:\BCC55\LIB\CW32.LIB|pureerr ACBP=A9
 0002:0009583C 00000020 C=DATA    S=_DATA    G=DGROUP   M=C:\BCC55\LIB\CW32.LIB|abort ACBP=A9
 0002:0009585C 00000004 C=DATA    S=_DATA    G=DGROUP   M=C:\BCC55\LIB\CW32.LIB|patexit ACBP=A9
 0002:00095860 0000000C C=DATA    S=_DATA    G=DGROUP   M=C:\BCC55\LIB\CW32.LIB|exit ACBP=A9
 0002:0009586C 00000008 C=DATA    S=_DATA    G=DGROUP   M=C:\BCC55\LIB\CW32.LIB|saptr ACBP=A9
 0002:00095874 00000008 C=DATA    S=_DATA    G=DGROUP   M=C:\BCC55\LIB\CW32.LIB|wsaptr ACBP=A9
 0002:0009587C 00000054 C=DATA    S=_DATA    G=DGROUP   M=C:\BCC55\LIB\CW32.LIB|setargv ACBP=A9
 0002:000958D0 00000028 C=DATA    S=_DATA    G=DGROUP   M=C:\BCC55\LIB\CW32.LIB|hsargv ACBP=A9
 0002:000958F8 00000024 C=DATA    S=_DATA    G=DGROUP   M=C:\BCC55\LIB\CW32.LIB|whsargv ACBP=A9
 0002:0009591C 00000004 C=DATA    S=_DATA    G=DGROUP   M=C:\BCC55\LIB\CW32.LIB|wildptr ACBP=A9
 0002:00095920 00000004 C=DATA    S=_DATA    G=DGROUP   M=C:\BCC55\LIB\CW32.LIB|wwildptr ACBP=A9
 0002:00095924 00000020 C=DATA    S=_DATA    G=DGROUP   M=C:\BCC55\LIB\CW32.LIB|setargv0 ACBP=A9
 0002:00095944 00000054 C=DATA    S=_DATA    G=DGROUP   M=C:\BCC55\LIB\CW32.LIB|setenvp ACBP=A9
 0002:00095998 0000005E C=DATA    S=_DATA    G=DGROUP   M=C:\BCC55\LIB\CW32.LIB|signal ACBP=A9
 0002:000959F8 00000004 C=DATA    S=_DATA    G=DGROUP   M=C:\BCC55\LIB\CW32.LIB|globals ACBP=A9
 0002:000959FC 00000004 C=DATA    S=_DATA    G=DGROUP   M=C:\BCC55\LIB\CW32.LIB|initexit ACBP=A9
 0002:00095A00 000001C4 C=DATA    S=_DATA    G=DGROUP   M=C:\BCC55\LIB\CW32.LIB|timedata ACBP=A9
 0002:00095BC4 00000008 C=DATA    S=_DATA    G=DGROUP   M=C:\BCC55\LIB\CW32.LIB|tzdata ACBP=A9
 0002:00095BCC 00000010 C=DATA    S=_DATA    G=DGROUP   M=C:\BCC55\LIB\CW32.LIB|tzset ACBP=A9
 0002:00095BDC 0000088C C=DATA    S=_DATA    G=DGROUP   M=C:\BCC55\LIB\CW32.LIB|xx ACBP=A9
 0002:00096468 00000010 C=DATA    S=_DATA    G=DGROUP   M=C:\BCC55\LIB\IMPORT32.LIB|uuid ACBP=A9
 0002:00096478 000000E0 C=DATA    S=_DATA    G=DGROUP   M=C:\BCC55\LIB\IMPORT32.LIB|inetguid ACBP=A9
 0003:00000000 00000018 C=BSS     S=_BSS     G=DGROUP   M=C:\PRG\WSISCOM\AGENDA\AGENDA.OBJ ACBP=A9
[...]
 0002:0003C9CC      d177_1
 0002:0003EF6C      d189_1
 0002:0003F41C      d207_1
 0002:0003F898      d209_1
 0002:0003FBD8      d211_1
 0002:00040140      d213_1
 0002:0004380C      d215_1
 0002:000449EC      d217_1
 0002:000459A0      d223_1
 0002:0004724C      d225_1
 0002:00047910      d227_1
 0002:00047DB0      d229_1
 0002:00048F38      d233_1
 0002:0004EFC0      d235_1
 0002:0004FD20      d237_1
 0002:00050E14      d239_1
 0002:00051C08      d241_1
 0002:00055854      d247_1
 0002:00056CB0      d249_1
 0002:000583B8      d263_1
 0002:00059328      d267_1
 0002:0005999C      d275_1
 0002:00059C98      d325_1
 0002:0005F0B8      d333_1
 0002:0005F8D0      d337_1
 0002:000600A4      d353_1
 0002:00061D88      d357_1
 0002:00062DC0      d363_1
 0002:00064358      d401_1
 0002:0006515C      d433_1
 0002:000653EC      d439_1
 0002:0006D2C8      d441_1
 0002:000770B4      d449_1
 0002:000772E8      d471_1
 0002:000772F4      d473_1
 0002:00077304      d475_1
 0002:00077308      d477_1
 0002:00077EB8      d479_1
 0002:00077EC0      d481_1
 0002:00077F2C      d489_1
 0002:00077F30      d507_1
 0002:00077F38      d511_1
 0002:00077F40      _regex
 0002:00077F40      d513_1
 0002:000781C8      d517_1
 0002:000781CC      d519_1
 0002:000785F8      d533_1
 0002:00078674      d537_1
 0002:00078678      d553_1
 0002:0007867C      d571_1
 0002:00078694      d575_1
 0002:000786A4      d577_1
 0002:000786A8      d581_1
 0002:000786B4      d583_1
 0002:000786D8      d585_1
 0002:000786DC      _wLastKey
 0002:000786E4      d591_1
 0002:0007870C      d601_1
 0002:0007871C      d603_1
 0002:00078728      d607_1
 0002:0007872C      d613_1
 0002:0007873C      d615_1
 0002:000787DC      d617_1
 0002:000787E0      d623_1
 0002:000787E4      d627_1
 0002:000787E8      d647_1
 0002:00078890      d651_1
 0002:00078898      d661_1
 0002:00078948      d665_1
 0002:0007894C      d679_1
 0002:00078950      d681_1
 0002:00078AF4      d685_1
 0002:00078AF8      d695_1
 0002:00078AFC      d707_1
 0002:00078B0C      d713_1
 0002:00078B34      d715_1
 0002:00078B3C      d719_1
 0002:00078B54      d727_1
 0002:00078B58      d749_1
 0002:00078CD0      d767_1
 0002:00078CE8      d781_1
 0002:00078D30      d789_1
 0002:00078D44      d801_1
 0002:00078D50      _bDbgBreak
 0002:00078D54      _bDbgActive
 0002:00078D5C      d803_1
 0002:00078D70      __odtbl__ TActiveX::TActiveX(HWND__ *)
 0002:00078D90      __ectbl__ TActiveX::TActiveX(HWND__ *)
 0002:00078DBC      __odtbl__ HB_FUN_CREATEACTIVEX()
 0002:00078DCC      __ectbl__ HB_FUN_CREATEACTIVEX()
 0002:00078DEC      TActiveXEvent:: (rtti)
 0002:00078E14      TActiveX:: (rtti)
 0002:00078FA4      IDispatch:: (rtti)
 0002:00078FCC      IOleControlSite:: (rtti)
 0002:00079000      IOleInPlaceUIWindow:: (rtti)
 0002:00079030      IOleInPlaceFrame:: (rtti)
 0002:00079078      IOleWindow:: (rtti)
 0002:00079098      IOleInPlaceSite:: (rtti)
 0002:000790E0      IUnknown:: (rtti)
 0002:000790F8      IOleClientSite:: (rtti)
 0002:00079128      __ectbl__ __stdcall TActiveX::Release()
 0002:00079130      d805_1
 0002:00079144      d807_1
 0002:00079158      d809_1
 0002:00079160      d811_1
 0002:00079184      d813_1
 0002:00079188      d817_1
 0002:000791FC      d824_1
 0002:00079214      __odtbl__ std::bad_alloc::bad_alloc(const std::bad_alloc&)
 0002:00079224      __ectbl__ std::bad_alloc::bad_alloc(const std::bad_alloc&)
 0002:00079238      std::exception:: (rtti)
 0002:0007924C      std::bad_alloc:: (rtti)
 0002:00079260      d1601_1
 0002:00079264      d1607_1
 0002:00079270      d1615_1
 0002:00079470      _hb_uniTbl_437
 0002:00079708      _hb_cdp_page
 0002:00079720      d1617_1
 0002:00079728      d1621_1
 0002:0007972C      d1623_1
 0002:0007976C      d1627_1
 0002:0007977C      d1629_1
 0002:000797D8      d1639_1
 0002:00079850      d1649_1
 0002:00079854      d1651_1
 0002:000798A0      d1659_1
 0002:000798B8      d1667_1
 0002:000798BC      d1671_1
 0002:000798C0      d1673_1
 0002:000798C4      d1677_1
 0002:000798E0      d1699_1
 0002:00079940      d1709_1
 0002:00079CA0      d1717_1
 0002:00079CC0      d1721_1
 0002:00079E8C      _hb_gt_szNameDefault
 0002:00079F54      d1723_1
 0002:00079F78      d1735_1
 0002:00079F7C      d1745_1
 0002:00079F90      _hb_vm_bCollectGarbage
 0002:00079F94      d1747_1
 0002:00079FA0      d1755_1
 0002:0007A000      d1757_1
 0002:0007A008      d1759_1
 0002:0007A00C      d1762_1
 0002:0007A160      d1768_1
 0002:0007A168      d1792_1
 0002:0007A16C      d1794_1
 0002:0007A170      d1796_1
 0002:0007A174      d1798_1
 0002:0007A258      d1802_1
 0002:0007A270      d1808_1
 0002:0007A27C      d1810_1
 0002:0007A284      d1812_1
 0002:0007A290      d1821_1
 0002:0007A298      d1829_1
 0002:0007A36C      d1831_1
 0002:0007A370      d1845_1
 0002:0007A378      d1847_1
 0002:0007A37C      d1849_1
 0002:0007A380      d1853_1
 0002:0007A38C      d1855_1
 0002:0007A390      d1863_1
 0002:0007A39C      d1865_1
 0002:0007A3A8      d1867_1
 0002:0007A3AC      d1869_1
 0002:0007A3B4      d1873_1
 0002:0007A474      d1875_1
 0002:0007A4A4      d1877_1
 0002:0007A614      d1879_1
 0002:0007A624      d1883_1
 0002:0007A62C      d1889_1
 0002:0007A638      d1891_1
 0002:0007A658      d1893_1
 0002:0007A660      d1895_1
 0002:0007A668      d1897_1
 0002:0007A66C      d1916_1
 0002:0007BCF4      d1956_1
 0002:0007BDD0      d1962_1
 0002:0007CDE8      d1996_1
 0002:0007E564      d2000_1
 0002:00084D38      d2010_1
 0002:0008590C      d2014_1
 0002:00085DA0      d2022_1
 0002:00087520      d2077_1
 0002:00087530      _hb_symEval
 0002:0008755C      _pHVMFuncService
 0002:00087560      _hb_vm_bQuitRequest
 0002:00087564      _hb_vm_sNull
 0002:00087568      _hb_vm_iTry
 0002:0008756C      _hb_vm_BreakBlock
 0002:00087A78      _hb_cls_uiArrayClass
 0002:00087A7A      _hb_cls_uiBlockClass
 0002:00087A7C      _hb_cls_uiCharacterClass
 0002:00087A7E      _hb_cls_uiDateClass
 0002:00087A80      _hb_cls_uiTimeFlagClass
 0002:00087A82      _hb_cls_uiLogicalClass
 0002:00087A84      _hb_cls_uiNilClass
 0002:00087A86      _hb_cls_uiNumericClass
 0002:00087A88      _hb_cls_uiPointerClass
 0002:00087A8A      _hb_cls_uiHashClass
 0002:00087AD4      _hb_comp_bShortCuts
 0002:00087B74      _hb_errFuncName
 0002:0008902C      d2079_1
 0002:00089038      _hb_hInstance
 0002:0008903C      _hb_hPrevInstance
 0002:00089040      _hb_iCmdShow
 0002:00089044      _s_WinMainParam
 0002:0008914C      d2083_1
 0002:0008922C      d2089_1
 0002:00089794      d2095_1
 0002:0008979C      d2097_1
 0002:00089BD4      d2105_1
 0002:00089BE4      d2111_1
 0002:00089BEC      d2139_1
 0002:0008A58C      d2191_1
 0002:0008B010      d2231_1
 0002:0008D114      d2233_1
 0002:0008D154      _hb_comp_ExprTable
 0002:0008D154      d2235_1
 0002:0008D2C4      d2239_1
 0002:0008D300      _yytext
 0002:0008DFDC      d2241_1
 0002:0008DFF4      d2259_1
 0002:0008E1D4      d2261_1
 0002:0008E208      d2263_1
 0002:0008E238      d2265_1
 0002:0008E4D8      d2311_1
 0002:0008E7BC      d2315_1
 0002:0008E830      d2317_1
 0002:0008ECD0      d2319_1
 0002:0008FB80      d2321_1
 0002:0008FE00      d2353_1
 0002:0008FE08      d2355_1
 0002:0008FE48      _hb_szAscii
 0002:0008FE48      d2361_1
 0002:000904DC      d2363_1
 0002:00090508      d2365_1
 0002:00090508      _hb_tr_file_
 0002:0009050C      _hb_tr_line_
 0002:00090510      _hb_tr_level_
 0002:000905C8      d2367_1
 0002:000916D4      d2369_1
 0002:00091890      d2373_1
 0002:00091AEC      d2375_1
 0002:00091B80      d2391_0
 0002:00091B80      __pcre_default_tables
 0002:00091FC0      d2393_1
 0002:00092F18      d2399_1
 0002:00092F24      _pcre_malloc
 0002:00092F24      d2405_0
 0002:00092F28      _pcre_free
 0002:00092F2C      _pcre_stack_malloc
 0002:00092F30      _pcre_stack_free
 0002:00092F34      _pcre_callout
 0002:00092F38      d2417_0
 0002:00092F38      __pcre_hspace_list
 0002:00092F88      __pcre_vspace_list
 0002:00092FA8      __pcre_utf8_table1
 0002:00092FC0      __pcre_utf8_table1_size
 0002:00092FC4      __pcre_utf8_table2
 0002:00092FDC      __pcre_utf8_table3
 0002:00092FF4      __pcre_ucp_gentype
 0002:0009306C      __pcre_ucp_gbtable
 0002:000930A0      __pcre_utt
 0002:00093408      __pcre_utt_size
 0002:0009340C      __pcre_OP_lengths
 0002:000934A8      __pcre_utf8_table4
 0002:000934E8      __pcre_utt_names
 0002:000938FC      d2421_1
 0002:00093920      d2427_1
 0002:00093BF4      d2451_1
 0002:00093C3C      d2455_1
 0002:00093CB0      d2475_1
 0002:00093CB4      d2477_1
 0002:00093D4C      d2487_1
 0002:00093D50      __heap_redirector
 0002:00093D6C      d2493_1
 0002:00093D6C      __virt_heap_size
 0002:00093D70      __virt_chunk_size
 0002:00093D74      __virt_chunk_size2
 0002:00093D78      __nv_heap_size
 0002:00093D7C      __smalloc_threshold
 0002:00093D80      __virt_chunk_free
 0002:00093D84      __virt_chunk_free2
 0002:00093D88      __firstHeap
 0002:00093D8C      __lastHeap
 0002:00093D90      __linktable
 0002:00093D94      __freeStart
 0002:00093DA0      __rover
 0002:00093DA8      ___allocated
 0002:00093DAC      __rwstd::__rw_stdexcept_NoNamedException
 0002:00093DAC      d2582_1
 0002:00093DB0      __rwstd::__rw_stdexcept_BadException
 0002:00093DB4      __rwstd::__rw_stdexcept_BadAllocException
 0002:00093DB8      __rwstd::__rw_stdexcept_Error
 0002:00093E1C      __odtbl__ std::bad_alloc::~bad_alloc()
 0002:00093E2C      __ectbl__ std::bad_alloc::~bad_alloc()
 0002:00093E40      d2712_1
 0002:00093E54      d2782_0
 0002:00093E54      ___xxPersonality
 0002:00093E58      d2784_1
 0002:00094178      d2786_1
 0002:00094178      ___terminatePTR
 0002:0009417C      ___unexpectdPTR
 0002:00094180      __chtbl__ std::terminate()
 0002:000941A0      __ectbl__ std::terminate()
 0002:000941B4      d2788_1
 0002:000941B4      ___CPPexceptionList
 0002:000941B8      ___exceptFlags
 0002:000941BC      ___throwFileName
 0002:000941C0      ___throwLineNumber
 0002:000941C4      ___throwExceptionName
 0002:000941C8      ___exceptStaticBuffP
 0002:000941CC      ___exceptMemAllocVars
 0002:000941D0      ___ExceptStaticXbuff
 0002:00094250      __ExceptVarsSize
 0002:00094264      __chtbl__ __call_terminate()
 0002:00094284      __ectbl__ __call_terminate()
 0002:00094298      d2794_1
 0002:00094298      __stkchk
 0002:000942AC      d2810_1
 0002:000942B8      d2830_1
 0002:000942B8      __cfinfo_get
 0002:000942BC      d2884_1
 0002:000942BC      __notUmask
 0002:000942C0      __fileinfo
 0002:000942C0      d2910_0
 0002:000942C4      d2980_0
 0002:000942C4      __streams
 0002:00094774      d2982_0
 0002:00094774      __nfile
 0002:00094778      __openfd
 0002:00094840      __fmode
 0002:00094840      d2992_0
 0002:00094844      d2994_1
 0002:00094844      __fmodeptr
 0002:00094848      d3057_1
 0002:00094848      __dosErrorToSV
 0002:00094974      d3080_1
 0002:00094980      __sys_errlist
 0002:00094980      d3088_1
 0002:00094A44      __sys_nerr
 0002:00094DFC      d3182_1
 0002:00094E74      __chartype
 0002:00094E74      d3262_0
 0002:00095078      d3272_0
 0002:00095078      __upper
 0002:00095178      _CMonetary
 0002:00095178      d3290_0
 0002:000951AC      _CNumeric
 0002:000951C4      _CTimeDate
 0002:00095288      _CLOCALE
 0002:000952B4      ___locale
 0002:000953D8      d3416_1
 0002:000953E8      d3422_1
 0002:000954A8      d3477_1
 0002:000954A8      __realcvtptr
 0002:000954AC      __nextrealptr
 0002:000954B0      __scantodptr
 0002:000954B4      __scanrsltptr
 0002:00095510      __realcvtwptr
 0002:00095510      d3479_1
 0002:00095514      __nextrealwptr
 0002:00095518      __scanwtodptr
 0002:0009551C      __scanwrsltptr
 0002:00095578      d3481_0
 0002:00095578      __default87
 0002:0009557C      d3487_1
 0002:00095588      d3495_1
 0002:0009559C      d3497_1
 0002:000955B4      __huge_flt
 0002:000955B4      d3535_0
 0002:000955B8      __huge_dble
 0002:000955C0      __huge_ldble
 0002:000955CA      __max_flt
 0002:000955CE      __max_dble
 0002:000955D6      __max_ldble
 0002:000955E0      __indefinite
 0002:000955E4      __tiny_ldble
 0002:000955F0      ___ieee_64_p_inf
 0002:000955F8      ___ieee_64_n_inf
 0002:00095600      ___ieee_64_p_nanq
 0002:00095608      ___ieee_64_n_nanq
 0002:00095610      ___ieee_64_p_nans
 0002:00095618      ___ieee_64_n_nans
 0002:00095620      ___ieee_64_p_zero
 0002:00095628      ___ieee_64_n_zero
 0002:00095630      __turboFloat
 0002:00095630      d3545_0
 0002:00095634      __floatconvert
 0002:00095638      d3559_1
 0002:00095644      d3583_1
 0002:00095644      __pmatherr
 0002:00095648      __pmatherrl
 0002:0009564C      __mathwhy
 0002:0009564C      d3587_0
 0002:00095690      d3597_1
 0002:000956AC      d3609_1
 0002:000956B4      d3611_1
 0002:000956C8      d3613_1
 0002:000956F0      d3620_1
 0002:00095718      d3622_1
 0002:00095740      d3632_1
 0002:00095750      __kalpha
 0002:00095750      d3680_1
 0002:00095752      __kpunct
 0002:00095798      d3816_1
 0002:000957BC      d3832_1
 0002:000957E0      _errno
 0002:000957E0      d3834_1
 0002:000957E4      d3836_1
 0002:000957E4      __messagefunc
 0002:000957E8      __messagefile
 0002:000957F4      d3844_1
 0002:0009581C      d3846_1
 0002:0009583C      d3863_1
 0002:0009585C      ___pCallAtExitProcs
 0002:0009585C      d3865_0
 0002:00095860      d3901_1
 0002:00095860      __exitbuf
 0002:00095864      __exitfopen
 0002:00095868      __exitopen
 0002:0009586C      d3921_0
 0002:0009586C      __setargv_ptr
 0002:00095870      __exitargv_ptr
 0002:00095874      __wsetargv_ptr
 0002:00095874      d3923_0
 0002:00095878      __wexitargv_ptr
 0002:0009587C      __setargv__
 0002:0009587C      d3925_1
 0002:000958D0      d3927_1
 0002:000958D0      __cmdline_escapes
 0002:000958F8      d3929_1
 0002:0009591C      __argv_expand_ptr
 0002:0009591C      d3982_0
 0002:00095920      __wargv_expand_ptr
 0002:00095920      d3984_0
 0002:00095924      d3986_1
 0002:00095924      __argv0
 0002:00095944      __setenvp__
 0002:00095944      d4000_1
 0002:00095998      d4004_1
 0002:000959F8      d4022_0
 0002:000959F8      __isWindows
 0002:000959FC      d4024_1
 0002:00095A00      d4054_0
 0002:00095A00      __SWeekday
 0002:00095A1C      __LWeekday
 0002:00095A38      __SMonth
 0002:00095A68      __LMonth
 0002:00095A98      __AmPm
 0002:00095AA0      __Days
 0002:00095AAC      __YDays
 0002:00095BC4      d4060_1
 0002:00095BC4      __timezone
 0002:00095BC8      __daylight
 0002:00095BCC      __tzname
 0002:00095BCC      d4062_1
 0002:00095BDC      d4116_1
 0002:00095BDC      ___debuggerDisableTerminateCallback
 0002:00096468      d4266_0
 0002:00096468      _GUID_NULL
 0002:00096478      _IID_IUnknown
 0002:00096488      _IID_IDispatch
 0002:00096498      _IID_IPersistStreamInit
 0002:000964A8      _IID_IOleControlSite
 0002:000964B8      _IID_IProvideClassInfo2
 0002:000964C8      _IID_IConnectionPointContainer
 0002:000964D8      _IID_IOleInPlaceSite
 0002:000964E8      _IID_IOleInPlaceObject
 0002:000964F8      _IID_IOleInPlaceFrame
 0002:00096508      _IID_IOleInPlaceUIWindow
 0002:00096518      _IID_IOleWindow
 0002:00096528      _IID_IOleObject
 0002:00096538      _IID_IOleClientSite
 0003:00000000      b2_2
 0003:00000018      b47_2
 0003:00000030      b49_2
 0003:00000048      b51_2
 0003:00000060      b53_2
 0003:00000078      b59_2
 0003:00000090      b61_2
 0003:000000A8      b63_2
 0003:000000C0      b69_2
 0003:000000D8      b73_2
 0003:000000F0      b75_2
 0003:00000108      b77_2
 0003:00000120      b85_2
 0003:00000138      b89_2
 0003:00000150      b91_2
 0003:00000168      b99_2
 0003:00000180      b103_2
 0003:00000198      b109_2
 0003:000001B0      b113_2
 0003:000001C8      b117_2
 0003:000001E0      b119_2
 0003:000001F8      b125_2
 0003:00000210      b127_2
 0003:00000228      b129_2
 0003:00000240      b137_2
 0003:00000258      b145_2
 0003:00000270      b153_2
 0003:00000288      b155_2
 0003:000002A0      b157_2
 0003:000002B8      b165_2
 0003:000002D0      b167_2
 0003:000002E8      b171_2
 0003:00000300      b177_2
 0003:00000318      b189_2
 0003:00000330      b207_2
 0003:00000348      b209_2
 0003:00000360      b211_2
 0003:00000378      b213_2
 0003:00000390      b215_2
 0003:000003A8      b217_2
 0003:000003C0      b223_2
 0003:000003D8      b225_2
 0003:000003F0      b227_2
 0003:00000408      b229_2
 0003:00000420      b233_2
 0003:00000438      b235_2
 0003:00000450      b237_2
 0003:00000468      b239_2
 0003:00000480      b241_2
 0003:00000498      b247_2
 0003:000004B0      b249_2
 0003:000004C8      b263_2
 0003:000004E0      b267_2
 0003:000004F8      b275_2
 0003:00000510      b325_2
 0003:00000528      b333_2
 0003:00000540      b337_2
 0003:00000558      b353_2
 0003:00000570      b357_2
 0003:00000588      b363_2
 0003:000005A0      b401_2
 0003:000005B8      b433_2
 0003:000005D0      b439_2
 0003:000005E8      b441_2
 0003:00000600      b449_2
 0003:00000618      b479_2
 0003:0000066C      b513_2
 0003:00000774      b571_2
 0003:0000081C      b591_2
 0003:00000820      b607_2
 0003:000008C0      b661_2
 0003:00000A00      b681_2
 0003:00000A38      b685_2
 0003:00000A40      b713_2
 0003:00000A4C      b789_2
 0003:00000D6C      b797_1
 0003:00000D70      b809_2
 0003:00000F00      b819_1
 0003:00000F78      b824_2
 0003:00000FBC      b1623_2
 0003:00000FC0      b1639_2
 0003:00000FD8      b1651_2
 0003:00001058      b1659_2
 0003:00001270      b1683_1
 0003:00001278      b1721_2
 0003:00001384      b1755_2
 0003:00001584      b1835_1
 0003:00001588      b1897_2
 0003:0000158C      b1916_2
 0003:000015A4      b1956_2
 0003:000015BC      b1962_2
 0003:000015D4      b1996_2
 0003:000015EC      b2000_2
 0003:00001604      b2010_2
 0003:0000161C      b2014_2
 0003:00001634      b2022_2
 0003:0000164C      b2077_2
 0003:00003188      b2083_2
 0003:00003318      b2097_2
 0003:00003330      b2111_2
 0003:00003630      b2231_2
 0003:00003684      b2239_2
 0003:0000374C      _yyleng
 0003:00003758      _yyin
 0003:00008164      b2265_2
 0003:0000830C      b2311_2
 0003:00008324      b2315_2
 0003:0000833C      b2317_2
 0003:000084E8      b2319_2
 0003:00008690      b2321_2
 0003:00008838      __new_handler
 0003:00008838      b2455_2
 0003:0000883C      ___bad_alloc
 0003:00008840      b2477_2
 0003:00008840      __bormm_pfn_FreeMem
 0003:00008844      __bormm_pfn_GetMem
 0003:00008848      __bormm_pfn_ReallocMem
 0003:0000884C      __bormm_pfn_HeapAddRef
 0003:00008850      __bormm_pfn_HeapRelease
 0003:00008858      b2712_2
 0003:000088FC      b2784_2
 0003:00008D0C      b2788_2
 0003:00008D0C      __DestructorCountPtr
 0003:00008D14      b2794_2
 0003:00008D14      __HandlerPtr
 0003:00008D18      __UserHandlerPtr
 0003:00008D1C      b2982_1
 0003:00008D1C      __pidtab
 0003:00008DE4      __handles
 0003:00008EAC      __doserrno
 0003:00008EAC      b3057_2
 0003:00008EB0      b3063_1
 0003:00008EB4      __tmpnum
 0003:00008EB4      b3080_2
 0003:00008EC4      __mbctype
 0003:00008EC4      b3680_2
 0003:00008FC8      __mbcsCodePage
 0003:00008FCC      b3816_2
 0003:000090CC      b3832_2
 0003:000090E8      b3844_2
 0003:000090E8      __ostype
 0003:000090EC      b3848_1
 0003:000090F4      __argv
 0003:000090F4      b3925_2
 0003:00009100      b3927_2
 0003:00009104      b3929_2
 0003:00009108      b4000_2
 0003:00009108      __environ
 0003:00009110      __envsize
 0003:00009114      __env_lock
 0003:00009118      b4022_1
 0003:00009118      __C0argc
 0003:0000911C      __C0argv
 0003:00009120      __C0environ
 0003:00009124      __oscmd
 0003:00009128      __osenv
 0003:0000912C      __argc
 0003:00009130      __dll_table
 0003:00009138      __ExcRegPtr
 0003:0000913C      __wosenv
 0003:00009140      __woscmd
 0003:00009144      __wC0argv
 0003:00009148      __wC0environ
 0003:0000914C      __exe_table
 0003:00009154      __stkbase
 0003:00009158      b4062_2
 0003:00009160      b4116_2
 0003:00009164      ___pCPPdebugHook
 0004:00000000      t2788_3
 0004:00000000      ___xxInfo
